Using pre-set license
Built from '6000.0/staging' branch; Version is '6000.0.55f1 (c5f59906196d) revision 12973465'; Using compiler version '193933523'; Build Type 'Release'
OS: 'Windows 11  (10.0.26200) 64bit Professional' Language: 'es' Physical Memory: 32619 MB
BatchMode: 1, IsHumanControllingUs: 0, StartBugReporterOnCrash: 0, Is64bit: 1
Date: 2025-10-21T21:19:35Z

COMMAND LINE ARGUMENTS:
C:\Program Files\Unity\Hub\Editor\6000.0.55f1\Editor\Unity.exe
-adb2
-batchMode
-noUpm
-name
AssetImportWorker2
-projectPath
C:/Users/PCReboot/Documents/VFX/Fundamentos-VFX-Proyecto-Final/Proyecto Final
-logFile
Logs/AssetImportWorker2.log
-srvPort
56421
-job-worker-count
7
-background-job-worker-count
8
-gc-helper-count
1
Successfully changed project path to: C:/Users/PCReboot/Documents/VFX/Fundamentos-VFX-Proyecto-Final/Proyecto Final
C:/Users/PCReboot/Documents/VFX/Fundamentos-VFX-Proyecto-Final/Proyecto Final
[UnityMemory] Configuration Parameters - Can be set up in boot.config
    "memorysetup-bucket-allocator-granularity=16"
    "memorysetup-bucket-allocator-bucket-count=8"
    "memorysetup-bucket-allocator-block-size=33554432"
    "memorysetup-bucket-allocator-block-count=8"
    "memorysetup-main-allocator-block-size=16777216"
    "memorysetup-thread-allocator-block-size=16777216"
    "memorysetup-gfx-main-allocator-block-size=16777216"
    "memorysetup-gfx-thread-allocator-block-size=16777216"
    "memorysetup-cache-allocator-block-size=4194304"
    "memorysetup-typetree-allocator-block-size=2097152"
    "memorysetup-profiler-bucket-allocator-granularity=16"
    "memorysetup-profiler-bucket-allocator-bucket-count=8"
    "memorysetup-profiler-bucket-allocator-block-size=33554432"
    "memorysetup-profiler-bucket-allocator-block-count=8"
    "memorysetup-profiler-allocator-block-size=16777216"
    "memorysetup-profiler-editor-allocator-block-size=1048576"
    "memorysetup-temp-allocator-size-main=16777216"
    "memorysetup-job-temp-allocator-block-size=2097152"
    "memorysetup-job-temp-allocator-block-size-background=1048576"
    "memorysetup-job-temp-allocator-reduction-small-platforms=262144"
    "memorysetup-allocator-temp-initial-block-size-main=262144"
    "memorysetup-allocator-temp-initial-block-size-worker=262144"
    "memorysetup-temp-allocator-size-background-worker=32768"
    "memorysetup-temp-allocator-size-job-worker=262144"
    "memorysetup-temp-allocator-size-preload-manager=33554432"
    "memorysetup-temp-allocator-size-nav-mesh-worker=65536"
    "memorysetup-temp-allocator-size-audio-worker=65536"
    "memorysetup-temp-allocator-size-cloud-worker=32768"
    "memorysetup-temp-allocator-size-gi-baking-worker=262144"
    "memorysetup-temp-allocator-size-gi-baking-worker=262144"
    "memorysetup-temp-allocator-size-gi-baking-worker=262144"
    "memorysetup-temp-allocator-size-gi-baking-worker=262144"
    "memorysetup-temp-allocator-size-gi-baking-worker=262144"
    "memorysetup-temp-allocator-size-gfx=262144"
Player connection [44892]  Target information:

Player connection [44892]  * "[IP] 192.168.1.226 [Port] 0 [Flags] 2 [Guid] 3791032305 [EditorId] 3791032305 [Version] 1048832 [Id] WindowsEditor(7,DESKTOP-0S7B7VU) [Debug] 1 [PackageName] WindowsEditor [ProjectName] Editor" 

Player connection [44892] Host joined multi-casting on [225.0.0.222:54997]...
Player connection [44892] Host joined alternative multi-casting on [225.0.0.222:34997]...
JobSystem: Creating JobQueue using job-worker-count value 7
Input System module state changed to: Initialized.
[Physics::Module] Initialized fallback backend.
[Physics::Module] Id: 0xdecafbad
Library Redirect Path: Library/
[Physics::Module] Selected backend.
[Physics::Module] Name: PhysX
[Physics::Module] Id: 0xf2b8ea05
[Physics::Module] SDK Version: 4.1.2
[Physics::Module] Integration Version: 1.0.0
[Physics::Module] Threading Mode: Multi-Threaded
Refreshing native plugins compatible for Editor in 3.65 ms, found 3 plugins.
Preloading 0 native plugins for Editor in 0.00 ms.
Initialize engine version: 6000.0.55f1 (c5f59906196d)
[Subsystems] Discovering subsystems at path C:/Program Files/Unity/Hub/Editor/6000.0.55f1/Editor/Data/Resources/UnitySubsystems
[Subsystems] Discovering subsystems at path C:/Users/PCReboot/Documents/VFX/Fundamentos-VFX-Proyecto-Final/Proyecto Final/Assets
GfxDevice: creating device client; kGfxThreadingModeNonThreaded
Direct3D:
    Version:  Direct3D 11.0 [level 11.1]
    Renderer: AMD Radeon RX 6650 XT (ID=0x73ef)
    Vendor:   ATI
    VRAM:     8146 MB
    Driver:   32.0.21025.10016
Initialize mono
Mono path[0] = 'C:/Program Files/Unity/Hub/Editor/6000.0.55f1/Editor/Data/Managed'
Mono path[1] = 'C:/Program Files/Unity/Hub/Editor/6000.0.55f1/Editor/Data/MonoBleedingEdge/lib/mono/unityjit-win32'
Mono config path = 'C:/Program Files/Unity/Hub/Editor/6000.0.55f1/Editor/Data/MonoBleedingEdge/etc'
Using monoOptions --debugger-agent=transport=dt_socket,embedding=1,server=y,suspend=n,address=127.0.0.1:56700
Begin MonoManager ReloadAssembly
Registering precompiled unity dll's ...
Register platform support module: C:/Program Files/Unity/Hub/Editor/6000.0.55f1/Editor/Data/PlaybackEngines/WindowsStandaloneSupport/UnityEditor.WindowsStandalone.Extensions.dll
Registered in 0.007219 seconds.
- Loaded All Assemblies, in  0.421 seconds
Native extension for WindowsStandalone target not found
Mono: successfully reloaded assembly
- Finished resetting the current domain, in  0.329 seconds
Domain Reload Profiling: 744ms
	BeginReloadAssembly (149ms)
		ExecutionOrderSort (0ms)
		DisableScriptedObjects (0ms)
		BackupInstance (0ms)
		ReleaseScriptingObjects (0ms)
		CreateAndSetChildDomain (1ms)
	RebuildCommonClasses (38ms)
	RebuildNativeTypeToScriptingClass (10ms)
	initialDomainReloadingComplete (61ms)
	LoadAllAssembliesAndSetupDomain (156ms)
		LoadAssemblies (143ms)
		RebuildTransferFunctionScriptingTraits (0ms)
		AnalyzeDomain (153ms)
			TypeCache.Refresh (151ms)
				TypeCache.ScanAssembly (137ms)
			BuildScriptInfoCaches (0ms)
			ResolveRequiredComponents (1ms)
	FinalizeReload (330ms)
		ReleaseScriptCaches (0ms)
		RebuildScriptCaches (0ms)
		SetupLoadedEditorAssemblies (285ms)
			LogAssemblyErrors (0ms)
			InitializePlatformSupportModulesInManaged (23ms)
			SetLoadedEditorAssemblies (5ms)
			BeforeProcessingInitializeOnLoad (57ms)
			ProcessInitializeOnLoadAttributes (146ms)
			ProcessInitializeOnLoadMethodAttributes (54ms)
			AfterProcessingInitializeOnLoad (0ms)
			EditorAssembliesLoaded (0ms)
		ExecutionOrderSort2 (0ms)
		AwakeInstancesAfterBackupRestoration (0ms)
Assembly reference Packages/com.unity.cinemachine/Editor/Samples/ExposeHDRPInternals/HDRP-Editor-ref.asmref has no target assembly definition
========================================================================
Worker process is ready to serve import requests
Import Worker Mode flag is 0x00
Assembly reference Packages/com.unity.cinemachine/Editor/Samples/ExposeHDRPInternals/HDRP-Editor-ref.asmref has no target assembly definition
Assembly reference Packages/com.unity.cinemachine/Editor/Samples/ExposeHDRPInternals/HDRP-Editor-ref.asmref has no target assembly definition
Begin MonoManager ReloadAssembly
- Loaded All Assemblies, in  0.970 seconds
Assembly reference Packages/com.unity.cinemachine/Editor/Samples/ExposeHDRPInternals/HDRP-Editor-ref.asmref has no target assembly definition
'Packages/com.unity.cinemachine/Editor/Obsolete/CinemachineVirtualCameraBaseEditor.cs' contains partial class of Unity.Object, exactly 1 of the partial classes needs to be in a file with the same filename. This is to know the one that can be referenced from ie. GameObjects
'Packages/com.unity.cinemachine/Editor/Editors/CinemachineVirtualCameraBaseEditor.cs' contains partial class of Unity.Object, exactly 1 of the partial classes needs to be in a file with the same filename. This is to know the one that can be referenced from ie. GameObjects
Refreshing native plugins compatible for Editor in 2.33 ms, found 3 plugins.
Native extension for WindowsStandalone target not found
Assembly reference Packages/com.unity.cinemachine/Editor/Samples/ExposeHDRPInternals/HDRP-Editor-ref.asmref has no target assembly definition
Package Manager log level set to [2]
[Package Manager] Failed to launch server process. Reason: Unity was launched with the -noUpm command-line argument
[Package Manager] Unable to send message (not connected to server process).
[Package Manager] Cannot connect to Unity Package Manager local server
Mono: successfully reloaded assembly
- Finished resetting the current domain, in  0.755 seconds
Domain Reload Profiling: 1710ms
	BeginReloadAssembly (193ms)
		ExecutionOrderSort (0ms)
		DisableScriptedObjects (6ms)
		BackupInstance (0ms)
		ReleaseScriptingObjects (0ms)
		CreateAndSetChildDomain (34ms)
	RebuildCommonClasses (35ms)
	RebuildNativeTypeToScriptingClass (10ms)
	initialDomainReloadingComplete (53ms)
	LoadAllAssembliesAndSetupDomain (664ms)
		LoadAssemblies (494ms)
		RebuildTransferFunctionScriptingTraits (0ms)
		AnalyzeDomain (279ms)
			TypeCache.Refresh (209ms)
				TypeCache.ScanAssembly (195ms)
			BuildScriptInfoCaches (56ms)
			ResolveRequiredComponents (10ms)
	FinalizeReload (756ms)
		ReleaseScriptCaches (0ms)
		RebuildScriptCaches (0ms)
		SetupLoadedEditorAssemblies (553ms)
			LogAssemblyErrors (0ms)
			InitializePlatformSupportModulesInManaged (2ms)
			SetLoadedEditorAssemblies (3ms)
			BeforeProcessingInitializeOnLoad (144ms)
			ProcessInitializeOnLoadAttributes (343ms)
			ProcessInitializeOnLoadMethodAttributes (47ms)
			AfterProcessingInitializeOnLoad (14ms)
			EditorAssembliesLoaded (0ms)
		ExecutionOrderSort2 (0ms)
		AwakeInstancesAfterBackupRestoration (7ms)
Launched and connected shader compiler UnityShaderCompiler.exe after 0.03 seconds
Refreshing native plugins compatible for Editor in 2.19 ms, found 3 plugins.
Preloading 0 native plugins for Editor in 0.00 ms.
Unloading 14 Unused Serialized files (Serialized files now loaded: 0)
Unloading 6556 unused Assets / (4.6 MB). Loaded Objects now: 7292.
Memory consumption went from 249.7 MB to 245.2 MB.
Total: 7.952200 ms (FindLiveObjects: 0.707400 ms CreateObjectMapping: 0.725800 ms MarkObjects: 4.296800 ms  DeleteObjects: 2.221600 ms)

========================================================================
Received Prepare
Refreshing native plugins compatible for Editor in 2.69 ms, found 3 plugins.
Preloading 0 native plugins for Editor in 0.00 ms.
Unloading 14 Unused Serialized files (Serialized files now loaded: 0)
Unloading 14 unused Assets / (1.9 MB). Loaded Objects now: 7292.
Memory consumption went from 242.9 MB to 241.0 MB.
Total: 6.053400 ms (FindLiveObjects: 0.664100 ms CreateObjectMapping: 0.409800 ms MarkObjects: 4.592400 ms  DeleteObjects: 0.385900 ms)

Prepare: number of updated asset objects reloaded= 1
========================================================================
Received Import Request.
  Time since last request: 341616.645074 seconds.
  path: Assets/DefaultVolumeProfile.asset
  artifactKey: Guid(4fe07effe773e34488f3027ccad902ef) Importer(815301076,1909f56bfc062723c751e8b465ee728b)
Start importing Assets/DefaultVolumeProfile.asset using Guid(4fe07effe773e34488f3027ccad902ef) Importer(815301076,1909f56bfc062723c751e8b465ee728b) (PreviewImporter) -> (artifact id: '7aa30b27d805875c7e56bc256a7b936e') in 0.0181879 seconds
Number of updated asset objects reloaded before import = 0Number of asset objects unloaded after import = 0

========================================================================
Received Prepare
Assembly reference Packages/com.unity.cinemachine/Editor/Samples/ExposeHDRPInternals/HDRP-Editor-ref.asmref has no target assembly definition
Assembly reference Packages/com.unity.cinemachine/Editor/Samples/ExposeHDRPInternals/HDRP-Editor-ref.asmref has no target assembly definition
Begin MonoManager ReloadAssembly
- Loaded All Assemblies, in  0.876 seconds
Assembly reference Packages/com.unity.cinemachine/Editor/Samples/ExposeHDRPInternals/HDRP-Editor-ref.asmref has no target assembly definition
'Packages/com.unity.cinemachine/Editor/Obsolete/CinemachineVirtualCameraBaseEditor.cs' contains partial class of Unity.Object, exactly 1 of the partial classes needs to be in a file with the same filename. This is to know the one that can be referenced from ie. GameObjects
'Packages/com.unity.cinemachine/Editor/Editors/CinemachineVirtualCameraBaseEditor.cs' contains partial class of Unity.Object, exactly 1 of the partial classes needs to be in a file with the same filename. This is to know the one that can be referenced from ie. GameObjects
Refreshing native plugins compatible for Editor in 2.41 ms, found 3 plugins.
Native extension for WindowsStandalone target not found
Assembly reference Packages/com.unity.cinemachine/Editor/Samples/ExposeHDRPInternals/HDRP-Editor-ref.asmref has no target assembly definition
[Package Manager] Failed to launch server process. Reason: Unity was launched with the -noUpm command-line argument
[Package Manager] Unable to send message (not connected to server process).
[Package Manager] Cannot connect to Unity Package Manager local server
Mono: successfully reloaded assembly
- Finished resetting the current domain, in  0.725 seconds
Domain Reload Profiling: 1591ms
	BeginReloadAssembly (224ms)
		ExecutionOrderSort (0ms)
		DisableScriptedObjects (5ms)
		BackupInstance (0ms)
		ReleaseScriptingObjects (0ms)
		CreateAndSetChildDomain (53ms)
	RebuildCommonClasses (35ms)
	RebuildNativeTypeToScriptingClass (11ms)
	initialDomainReloadingComplete (39ms)
	LoadAllAssembliesAndSetupDomain (557ms)
		LoadAssemblies (461ms)
		RebuildTransferFunctionScriptingTraits (0ms)
		AnalyzeDomain (199ms)
			TypeCache.Refresh (6ms)
				TypeCache.ScanAssembly (0ms)
			BuildScriptInfoCaches (178ms)
			ResolveRequiredComponents (10ms)
	FinalizeReload (725ms)
		ReleaseScriptCaches (0ms)
		RebuildScriptCaches (0ms)
		SetupLoadedEditorAssemblies (570ms)
			LogAssemblyErrors (0ms)
			InitializePlatformSupportModulesInManaged (3ms)
			SetLoadedEditorAssemblies (3ms)
			BeforeProcessingInitializeOnLoad (148ms)
			ProcessInitializeOnLoadAttributes (351ms)
			ProcessInitializeOnLoadMethodAttributes (50ms)
			AfterProcessingInitializeOnLoad (14ms)
			EditorAssembliesLoaded (0ms)
		ExecutionOrderSort2 (0ms)
		AwakeInstancesAfterBackupRestoration (15ms)
Refreshing native plugins compatible for Editor in 2.56 ms, found 3 plugins.
Preloading 0 native plugins for Editor in 0.00 ms.
Unloading 14 Unused Serialized files (Serialized files now loaded: 0)
Unloading 6555 unused Assets / (4.4 MB). Loaded Objects now: 7329.
Memory consumption went from 261.6 MB to 257.2 MB.
Total: 9.642700 ms (FindLiveObjects: 0.666800 ms CreateObjectMapping: 1.004200 ms MarkObjects: 5.281900 ms  DeleteObjects: 2.688500 ms)

Prepare: number of updated asset objects reloaded= 0
========================================================================
Received Import Request.
  Time since last request: 161.171010 seconds.
  path: Assets/Assets/3D/Astronauta/AstronautaRig.fbx
  artifactKey: Guid(5c8eec1a69f815e44bb820bdcff7f93d) Importer(815301076,1909f56bfc062723c751e8b465ee728b)
Start importing Assets/Assets/3D/Astronauta/AstronautaRig.fbx using Guid(5c8eec1a69f815e44bb820bdcff7f93d) Importer(815301076,1909f56bfc062723c751e8b465ee728b) (PreviewImporter) -> (artifact id: 'c57aaf522d54a15b9bb77b4190c9e13f') in 1.0209784 seconds
Number of updated asset objects reloaded before import = 0Number of asset objects unloaded after import = 77

========================================================================
Received Import Request.
  Time since last request: 0.196710 seconds.
  path: Assets/Assets/3D/Astronauta/Materiales/Astronauta_1.mat
  artifactKey: Guid(2d16f14d9c841a641ba991705f018eb4) Importer(815301076,1909f56bfc062723c751e8b465ee728b)
Start importing Assets/Assets/3D/Astronauta/Materiales/Astronauta_1.mat using Guid(2d16f14d9c841a641ba991705f018eb4) Importer(815301076,1909f56bfc062723c751e8b465ee728b) (PreviewImporter) -> (artifact id: '11f4be584db76984e1419d7c6e6796dd') in 0.042577 seconds
Number of updated asset objects reloaded before import = 0Number of asset objects unloaded after import = 2

========================================================================
Received Import Request.
  Time since last request: 0.000048 seconds.
  path: Assets/Assets/3D/Astronauta/Materiales/Jetpack.mat
  artifactKey: Guid(eb6c141e995a21041a5ffd06d26c75a5) Importer(815301076,1909f56bfc062723c751e8b465ee728b)
Start importing Assets/Assets/3D/Astronauta/Materiales/Jetpack.mat using Guid(eb6c141e995a21041a5ffd06d26c75a5) Importer(815301076,1909f56bfc062723c751e8b465ee728b) (PreviewImporter) -> (artifact id: 'f5860794781ebf34ff812583cc256856') in 0.0172181 seconds
Number of updated asset objects reloaded before import = 0Number of asset objects unloaded after import = 2

========================================================================
Received Import Request.
  Time since last request: 0.340292 seconds.
  path: Assets/Assets/3D/Astronauta/Texturas/Astronauta_1.png
  artifactKey: Guid(bf6c8030e1610e443b0b1a72f76642c5) Importer(815301076,1909f56bfc062723c751e8b465ee728b)
Start importing Assets/Assets/3D/Astronauta/Texturas/Astronauta_1.png using Guid(bf6c8030e1610e443b0b1a72f76642c5) Importer(815301076,1909f56bfc062723c751e8b465ee728b) (PreviewImporter) -> (artifact id: 'aa5b2e49a255abf8d943011bf199434f') in 0.0210655 seconds
Number of updated asset objects reloaded before import = 0Number of asset objects unloaded after import = 2

========================================================================
Received Import Request.
  Time since last request: 10.900613 seconds.
  path: Assets/Assets/3D/Astronauta/Texturas/Astronauta_2.png
  artifactKey: Guid(6834ed8682e22e74083d4cafb974aedf) Importer(815301076,1909f56bfc062723c751e8b465ee728b)
Start importing Assets/Assets/3D/Astronauta/Texturas/Astronauta_2.png using Guid(6834ed8682e22e74083d4cafb974aedf) Importer(815301076,1909f56bfc062723c751e8b465ee728b) (PreviewImporter) -> (artifact id: '3e0d64dced6216a4e9b5106132c3cc73') in 0.0103643 seconds
Number of updated asset objects reloaded before import = 0Number of asset objects unloaded after import = 2

========================================================================
Received Import Request.
  Time since last request: 125.269781 seconds.
  path: Assets/DefaultVolumeProfile.asset
  artifactKey: Guid(4fe07effe773e34488f3027ccad902ef) Importer(2089858483,3d70f49cd1c2eb9ae422958d1c652c6b)
Start importing Assets/DefaultVolumeProfile.asset using Guid(4fe07effe773e34488f3027ccad902ef) Importer(2089858483,3d70f49cd1c2eb9ae422958d1c652c6b) (ScriptedImporter) -> (artifact id: '787b20731ef0b950ac4057a244da250d') in 0.3670499 seconds
Number of updated asset objects reloaded before import = 0Number of asset objects unloaded after import = 0

========================================================================
Received Import Request.
  Time since last request: 0.000045 seconds.
  path: Assets/Assets/Prefabs/Isla pequeña 2.prefab
  artifactKey: Guid(7ede830ffdcf8cd4d973e2d10344d711) Importer(2089858483,3d70f49cd1c2eb9ae422958d1c652c6b)
Start importing Assets/Assets/Prefabs/Isla pequeña 2.prefab using Guid(7ede830ffdcf8cd4d973e2d10344d711) Importer(2089858483,3d70f49cd1c2eb9ae422958d1c652c6b) (ScriptedImporter) -> (artifact id: '086f9bf9aab546d479bb0be830e44920') in 0.0373587 seconds
Number of updated asset objects reloaded before import = 0Number of asset objects unloaded after import = 16

========================================================================
Received Import Request.
  Time since last request: 0.000071 seconds.
  path: Assets/Assets/Scripts/MisilController.cs
  artifactKey: Guid(e884f0048ee40bd4682eadf2db4f162d) Importer(2089858483,192608db42251d675da83286b1cce702)
Start importing Assets/Assets/Scripts/MisilController.cs using Guid(e884f0048ee40bd4682eadf2db4f162d) Importer(2089858483,192608db42251d675da83286b1cce702) (ScriptedImporter) -> (artifact id: '1b4fb191c4aeb0dab25ecf7fb5062189') in 0.0814173 seconds
Number of updated asset objects reloaded before import = 0Number of asset objects unloaded after import = 0

========================================================================
Received Import Request.
  Time since last request: 0.000068 seconds.
  path: Assets/Assets/Materiales
  artifactKey: Guid(1bae16ca47481064c9411f3dfda1576a) Importer(2089858483,192608db42251d675da83286b1cce702)
Start importing Assets/Assets/Materiales using Guid(1bae16ca47481064c9411f3dfda1576a) Importer(2089858483,192608db42251d675da83286b1cce702) (ScriptedImporter) -> (artifact id: '1997bfd98ed2dc192837918d8cb96e15') in 0.0253932 seconds
Number of updated asset objects reloaded before import = 0Number of asset objects unloaded after import = 1

========================================================================
Received Import Request.
  Time since last request: 0.000061 seconds.
  path: Assets/Assets/Scripts/PlayerController.cs
  artifactKey: Guid(11e9501132ff57643a3c3a725fef43c7) Importer(2089858483,192608db42251d675da83286b1cce702)
Start importing Assets/Assets/Scripts/PlayerController.cs using Guid(11e9501132ff57643a3c3a725fef43c7) Importer(2089858483,192608db42251d675da83286b1cce702) (ScriptedImporter) -> (artifact id: '79bafc7ed5f98d5930eee802de48e311') in 0.0236051 seconds
Number of updated asset objects reloaded before import = 0Number of asset objects unloaded after import = 0

========================================================================
Received Import Request.
  Time since last request: 0.000047 seconds.
  path: Assets/Assets/3D/Jefe/JefeC.fbx
  artifactKey: Guid(052a784ea39b5044c8877ef7f37e425b) Importer(2089858483,192608db42251d675da83286b1cce702)
Start importing Assets/Assets/3D/Jefe/JefeC.fbx using Guid(052a784ea39b5044c8877ef7f37e425b) Importer(2089858483,192608db42251d675da83286b1cce702) (ScriptedImporter) -> (artifact id: 'bfd52b058b77ab092924e0e358a84fba') in 0.1550043 seconds
Number of updated asset objects reloaded before import = 0Number of asset objects unloaded after import = 14

========================================================================
Received Import Request.
  Time since last request: 0.000049 seconds.
  path: Assets/Assets/Prefabs/Torreta.prefab
  artifactKey: Guid(60845926390db844a919c0582a7c1e41) Importer(2089858483,192608db42251d675da83286b1cce702)
Start importing Assets/Assets/Prefabs/Torreta.prefab using Guid(60845926390db844a919c0582a7c1e41) Importer(2089858483,192608db42251d675da83286b1cce702) (ScriptedImporter) -> (artifact id: 'fd957e14117bfb73c55bc21130d769e3') in 0.1394406 seconds
Number of updated asset objects reloaded before import = 0Number of asset objects unloaded after import = 58

========================================================================
Received Import Request.
  Time since last request: 0.000067 seconds.
  path: Assets/UI pack/Prefabs/Buttons/Sign in button .prefab
  artifactKey: Guid(c500d241383cb7b409797d64f444e354) Importer(2089858483,192608db42251d675da83286b1cce702)
Start importing Assets/UI pack/Prefabs/Buttons/Sign in button .prefab using Guid(c500d241383cb7b409797d64f444e354) Importer(2089858483,192608db42251d675da83286b1cce702) (ScriptedImporter) -> (artifact id: '69cd8812c04a2c2a83879c35e8b73b8c') in 0.1352058 seconds
Number of updated asset objects reloaded before import = 0Number of asset objects unloaded after import = 14

========================================================================
Received Import Request.
  Time since last request: 0.000048 seconds.
  path: Assets/Assets/3D/Jefe/Texturas
  artifactKey: Guid(b7390a9ded3ebec4c92c5ad8f595756c) Importer(2089858483,192608db42251d675da83286b1cce702)
Start importing Assets/Assets/3D/Jefe/Texturas using Guid(b7390a9ded3ebec4c92c5ad8f595756c) Importer(2089858483,192608db42251d675da83286b1cce702) (ScriptedImporter) -> (artifact id: '2da27cf76b720dad4ed2e54a30b8847d') in 0.0187355 seconds
Number of updated asset objects reloaded before import = 0Number of asset objects unloaded after import = 1

========================================================================
Received Import Request.
  Time since last request: 0.000071 seconds.
  path: Assets/UI pack/Prefabs/Buttons/Sign in button Facebook.prefab
  artifactKey: Guid(e457c2c697962634386b2bad9b704081) Importer(2089858483,3d70f49cd1c2eb9ae422958d1c652c6b)
Start importing Assets/UI pack/Prefabs/Buttons/Sign in button Facebook.prefab using Guid(e457c2c697962634386b2bad9b704081) Importer(2089858483,3d70f49cd1c2eb9ae422958d1c652c6b) (ScriptedImporter) -> (artifact id: '5cf6961f84a619c9516feb1b3cf3bb95') in 0.0224596 seconds
Number of updated asset objects reloaded before import = 0Number of asset objects unloaded after import = 14

========================================================================
Received Import Request.
  Time since last request: 0.000044 seconds.
  path: Assets/Assets/Prefabs/Casa2.prefab
  artifactKey: Guid(523b6a90a76a9c4459e3ac0515821b24) Importer(2089858483,3d70f49cd1c2eb9ae422958d1c652c6b)
Start importing Assets/Assets/Prefabs/Casa2.prefab using Guid(523b6a90a76a9c4459e3ac0515821b24) Importer(2089858483,3d70f49cd1c2eb9ae422958d1c652c6b) (ScriptedImporter) -> (artifact id: '91803782d6c69d97ed0195f2f2da3a00') in 0.0314292 seconds
Number of updated asset objects reloaded before import = 0Number of asset objects unloaded after import = 95

========================================================================
Received Import Request.
  Time since last request: 0.000051 seconds.
  path: Assets/Assets/3D/Jefe/Materiales
  artifactKey: Guid(17d3827c283415d4988c2551776fc11a) Importer(2089858483,192608db42251d675da83286b1cce702)
Start importing Assets/Assets/3D/Jefe/Materiales using Guid(17d3827c283415d4988c2551776fc11a) Importer(2089858483,192608db42251d675da83286b1cce702) (ScriptedImporter) -> (artifact id: '737fe6ce08aac9e9aa02a170686d28e0') in 0.0169764 seconds
Number of updated asset objects reloaded before import = 0Number of asset objects unloaded after import = 1

========================================================================
Received Import Request.
  Time since last request: 0.000058 seconds.
  path: Assets/Scenes/SampleScene.unity
  artifactKey: Guid(9fc0d4010bbf28b4594072e72b8655ab) Importer(2089858483,3d70f49cd1c2eb9ae422958d1c652c6b)
Start importing Assets/Scenes/SampleScene.unity using Guid(9fc0d4010bbf28b4594072e72b8655ab) Importer(2089858483,3d70f49cd1c2eb9ae422958d1c652c6b) (ScriptedImporter)Opening scene 'Assets/Scenes/SampleScene.unity additively'
Loaded scene 'Assets/Scenes/SampleScene.unity'
	Deserialize:            42.324 ms
	Integration:            350.500 ms
	Integration of assets:  0.175 ms
	Thread Wait Time:       2.096 ms
	Total Operation Time:   395.095 ms
 -> (artifact id: '12efa6abe44afa176064b7713d8d8f83') in 0.7571118 seconds
Number of updated asset objects reloaded before import = 0Number of asset objects unloaded after import = 1243

========================================================================
Received Import Request.
  Time since last request: 0.000073 seconds.
  path: Assets/UI pack/Prefabs/Bars/Level bar.prefab
  artifactKey: Guid(ddaa26dc51f6db44fb273577d4f0e905) Importer(2089858483,192608db42251d675da83286b1cce702)
Start importing Assets/UI pack/Prefabs/Bars/Level bar.prefab using Guid(ddaa26dc51f6db44fb273577d4f0e905) Importer(2089858483,192608db42251d675da83286b1cce702) (ScriptedImporter) -> (artifact id: 'e198d93de8f79b16c322e4a83baea2f4') in 0.0404301 seconds
Number of updated asset objects reloaded before import = 0Number of asset objects unloaded after import = 23

========================================================================
Received Import Request.
  Time since last request: 0.000057 seconds.
  path: Assets/UI pack/Prefabs/Buttons/Button blue.prefab
  artifactKey: Guid(8eb62d6f64a2c0d418e8d612e6d1e79b) Importer(2089858483,3d70f49cd1c2eb9ae422958d1c652c6b)
Start importing Assets/UI pack/Prefabs/Buttons/Button blue.prefab using Guid(8eb62d6f64a2c0d418e8d612e6d1e79b) Importer(2089858483,3d70f49cd1c2eb9ae422958d1c652c6b) (ScriptedImporter) -> (artifact id: '11ae0f0c45e38e2dd8ae09c2445f745b') in 0.0291482 seconds
Number of updated asset objects reloaded before import = 0Number of asset objects unloaded after import = 14

========================================================================
Received Import Request.
  Time since last request: 0.000038 seconds.
  path: Assets/Assets/Prefabs/Isla mediana 3.prefab
  artifactKey: Guid(cb8c1a4a88849cf45913debc7c514519) Importer(2089858483,3d70f49cd1c2eb9ae422958d1c652c6b)
Start importing Assets/Assets/Prefabs/Isla mediana 3.prefab using Guid(cb8c1a4a88849cf45913debc7c514519) Importer(2089858483,3d70f49cd1c2eb9ae422958d1c652c6b) (ScriptedImporter) -> (artifact id: '7ee59591af54af0f54aaa7143c234897') in 0.029444 seconds
Number of updated asset objects reloaded before import = 0Number of asset objects unloaded after import = 15

========================================================================
Received Import Request.
  Time since last request: 0.000043 seconds.
  path: Assets/Assets/Materiales/Fire.mat
  artifactKey: Guid(c6b229a675897ac4f9a16b0cb0346e92) Importer(2089858483,192608db42251d675da83286b1cce702)
Start importing Assets/Assets/Materiales/Fire.mat using Guid(c6b229a675897ac4f9a16b0cb0346e92) Importer(2089858483,192608db42251d675da83286b1cce702) (ScriptedImporter) -> (artifact id: 'b4fc52d20f895bd1bcfd8354eb0a1688') in 0.035235 seconds
Number of updated asset objects reloaded before import = 0Number of asset objects unloaded after import = 2

========================================================================
Received Import Request.
  Time since last request: 0.000079 seconds.
  path: Assets/UI pack
  artifactKey: Guid(5fb499c2b06cb0b4f82541209af35ad3) Importer(2089858483,192608db42251d675da83286b1cce702)
Start importing Assets/UI pack using Guid(5fb499c2b06cb0b4f82541209af35ad3) Importer(2089858483,192608db42251d675da83286b1cce702) (ScriptedImporter) -> (artifact id: '8052888f3167f444d51a0a43ee01ad36') in 0.0152867 seconds
Number of updated asset objects reloaded before import = 0Number of asset objects unloaded after import = 1

========================================================================
Received Import Request.
  Time since last request: 0.000040 seconds.
  path: Assets/Assets/3D/Torreta/Texturas
  artifactKey: Guid(15b7777666265464dbb6ee2d5f33cee3) Importer(2089858483,192608db42251d675da83286b1cce702)
Start importing Assets/Assets/3D/Torreta/Texturas using Guid(15b7777666265464dbb6ee2d5f33cee3) Importer(2089858483,192608db42251d675da83286b1cce702) (ScriptedImporter) -> (artifact id: '2da639fba1f54c9222aa6ce6a9565b59') in 0.0147573 seconds
Number of updated asset objects reloaded before import = 0Number of asset objects unloaded after import = 1

========================================================================
Received Import Request.
  Time since last request: 0.000047 seconds.
  path: Assets/Assets/Prefabs/VFX
  artifactKey: Guid(c0446533fe8e7c344ab432672f397e9f) Importer(2089858483,192608db42251d675da83286b1cce702)
Start importing Assets/Assets/Prefabs/VFX using Guid(c0446533fe8e7c344ab432672f397e9f) Importer(2089858483,192608db42251d675da83286b1cce702) (ScriptedImporter) -> (artifact id: 'f9e26db655f07288338e9dae500c87c2') in 0.0196961 seconds
Number of updated asset objects reloaded before import = 0Number of asset objects unloaded after import = 1

========================================================================
Received Import Request.
  Time since last request: 0.000065 seconds.
  path: Assets/UI pack/Prefabs/Sliders/Red slider.prefab
  artifactKey: Guid(ca3f44c2efae4dd418e0fbffc0eb5071) Importer(2089858483,192608db42251d675da83286b1cce702)
Start importing Assets/UI pack/Prefabs/Sliders/Red slider.prefab using Guid(ca3f44c2efae4dd418e0fbffc0eb5071) Importer(2089858483,192608db42251d675da83286b1cce702) (ScriptedImporter) -> (artifact id: 'ad3150573ae0b4f60e1ab481b5dd9c63') in 0.0634858 seconds
Number of updated asset objects reloaded before import = 0Number of asset objects unloaded after import = 23

========================================================================
Received Import Request.
  Time since last request: 0.000058 seconds.
  path: Assets/UI pack/Documentation.txt
  artifactKey: Guid(ea8ffa7e03e73d3418a18fd8bbf8b073) Importer(2089858483,192608db42251d675da83286b1cce702)
Start importing Assets/UI pack/Documentation.txt using Guid(ea8ffa7e03e73d3418a18fd8bbf8b073) Importer(2089858483,192608db42251d675da83286b1cce702) (ScriptedImporter) -> (artifact id: '7858086cd5b2c6e4951b1f7e9dd1d583') in 0.0245821 seconds
Number of updated asset objects reloaded before import = 0Number of asset objects unloaded after import = 1

========================================================================
Received Import Request.
  Time since last request: 0.000083 seconds.
  path: Assets/UI pack/Prefabs/Bars/Health bar.prefab
  artifactKey: Guid(dc06b439cbbc6b0409964c1fa7e9a12a) Importer(2089858483,3d70f49cd1c2eb9ae422958d1c652c6b)
Start importing Assets/UI pack/Prefabs/Bars/Health bar.prefab using Guid(dc06b439cbbc6b0409964c1fa7e9a12a) Importer(2089858483,3d70f49cd1c2eb9ae422958d1c652c6b) (ScriptedImporter) -> (artifact id: '984323cb85175ab75734ecdac0976532') in 0.0280625 seconds
Number of updated asset objects reloaded before import = 0Number of asset objects unloaded after import = 16

========================================================================
Received Import Request.
  Time since last request: 0.000117 seconds.
  path: Assets/UI pack/Button/Green gradient.png
  artifactKey: Guid(040be0e474e09894ca320b08d9462cc8) Importer(2089858483,192608db42251d675da83286b1cce702)
Start importing Assets/UI pack/Button/Green gradient.png using Guid(040be0e474e09894ca320b08d9462cc8) Importer(2089858483,192608db42251d675da83286b1cce702) (ScriptedImporter) -> (artifact id: 'e419ab1904ece50b3780214ce393237c') in 0.1151824 seconds
Number of updated asset objects reloaded before import = 0Number of asset objects unloaded after import = 3

========================================================================
Received Import Request.
  Time since last request: 0.000061 seconds.
  path: Assets/Assets/Prefabs/Casa1.prefab
  artifactKey: Guid(827499e6efcce5344b3e663f9cab154a) Importer(2089858483,192608db42251d675da83286b1cce702)
Start importing Assets/Assets/Prefabs/Casa1.prefab using Guid(827499e6efcce5344b3e663f9cab154a) Importer(2089858483,192608db42251d675da83286b1cce702) (ScriptedImporter) -> (artifact id: '60bb45f5e4fa99518af03cf7f83360dc') in 0.0386715 seconds
Number of updated asset objects reloaded before import = 0Number of asset objects unloaded after import = 89

========================================================================
Received Import Request.
  Time since last request: 0.000099 seconds.
  path: Assets/Assets/Textures
  artifactKey: Guid(142414cd6a7763f4a95d58bad8172ea9) Importer(2089858483,192608db42251d675da83286b1cce702)
Start importing Assets/Assets/Textures using Guid(142414cd6a7763f4a95d58bad8172ea9) Importer(2089858483,192608db42251d675da83286b1cce702) (ScriptedImporter) -> (artifact id: '40af33d450a4c7e1b382fc15e1389f20') in 0.0150935 seconds
Number of updated asset objects reloaded before import = 0Number of asset objects unloaded after import = 1

========================================================================
Received Import Request.
  Time since last request: 0.000040 seconds.
  path: Assets/TextMesh Pro/Resources/Sprite Assets/EmojiOne.asset
  artifactKey: Guid(c41005c129ba4d66911b75229fd70b45) Importer(2089858483,3d70f49cd1c2eb9ae422958d1c652c6b)
Start importing Assets/TextMesh Pro/Resources/Sprite Assets/EmojiOne.asset using Guid(c41005c129ba4d66911b75229fd70b45) Importer(2089858483,3d70f49cd1c2eb9ae422958d1c652c6b) (ScriptedImporter) -> (artifact id: 'b41ba404318f7248902a0822319fba49') in 0.0210253 seconds
Number of updated asset objects reloaded before import = 0Number of asset objects unloaded after import = 2

========================================================================
Received Import Request.
  Time since last request: 0.000107 seconds.
  path: Assets/Assets/Textures/Smoke30Frames.png
  artifactKey: Guid(0e6943326fe145f4ca2a6d866cf6770b) Importer(2089858483,192608db42251d675da83286b1cce702)
Start importing Assets/Assets/Textures/Smoke30Frames.png using Guid(0e6943326fe145f4ca2a6d866cf6770b) Importer(2089858483,192608db42251d675da83286b1cce702) (ScriptedImporter) -> (artifact id: '6ef9ece6b2cd485cdb2c60f8407691bc') in 0.1176463 seconds
Number of updated asset objects reloaded before import = 0Number of asset objects unloaded after import = 32

========================================================================
Received Import Request.
  Time since last request: 0.000061 seconds.
  path: Assets/Assets/Prefabs/Casa4.prefab
  artifactKey: Guid(70d23c22efc156145a0480b2bdb9fe85) Importer(2089858483,3d70f49cd1c2eb9ae422958d1c652c6b)
Start importing Assets/Assets/Prefabs/Casa4.prefab using Guid(70d23c22efc156145a0480b2bdb9fe85) Importer(2089858483,3d70f49cd1c2eb9ae422958d1c652c6b) (ScriptedImporter) -> (artifact id: '1ead4848b6207e5fd5832f86a38a780c') in 0.0250802 seconds
Number of updated asset objects reloaded before import = 0Number of asset objects unloaded after import = 93

========================================================================
Received Import Request.
  Time since last request: 0.000041 seconds.
  path: Assets/UI pack/Scripts
  artifactKey: Guid(b2a8a1afcff728f448a02bc13a53444c) Importer(2089858483,192608db42251d675da83286b1cce702)
Start importing Assets/UI pack/Scripts using Guid(b2a8a1afcff728f448a02bc13a53444c) Importer(2089858483,192608db42251d675da83286b1cce702) (ScriptedImporter) -> (artifact id: '09463119785ea366eb24e935f1471c06') in 0.0135082 seconds
Number of updated asset objects reloaded before import = 0Number of asset objects unloaded after import = 1

========================================================================
Received Import Request.
  Time since last request: 0.000048 seconds.
  path: Assets/UI pack/Icons/bolt.png
  artifactKey: Guid(bfd7f2d02bcb369458540a3a6e2cea7f) Importer(2089858483,192608db42251d675da83286b1cce702)
Start importing Assets/UI pack/Icons/bolt.png using Guid(bfd7f2d02bcb369458540a3a6e2cea7f) Importer(2089858483,192608db42251d675da83286b1cce702) (ScriptedImporter) -> (artifact id: 'f9747c48a8f3d5d0bb911993153e8b02') in 0.0290446 seconds
Number of updated asset objects reloaded before import = 0Number of asset objects unloaded after import = 3

========================================================================
Received Import Request.
  Time since last request: 0.000064 seconds.
  path: Assets/Assets/Scripts
  artifactKey: Guid(e270e78db26ebc04ca8e7323fd3297eb) Importer(2089858483,192608db42251d675da83286b1cce702)
Start importing Assets/Assets/Scripts using Guid(e270e78db26ebc04ca8e7323fd3297eb) Importer(2089858483,192608db42251d675da83286b1cce702) (ScriptedImporter) -> (artifact id: 'ebf884d9222fad837967b79f9325e2ac') in 0.0116577 seconds
Number of updated asset objects reloaded before import = 0Number of asset objects unloaded after import = 1

========================================================================
Received Import Request.
  Time since last request: 0.000041 seconds.
  path: Assets/Assets/Prefabs/Dron.prefab
  artifactKey: Guid(469cc9d415fe3f24ba2875174d2f3acd) Importer(2089858483,3d70f49cd1c2eb9ae422958d1c652c6b)
Start importing Assets/Assets/Prefabs/Dron.prefab using Guid(469cc9d415fe3f24ba2875174d2f3acd) Importer(2089858483,3d70f49cd1c2eb9ae422958d1c652c6b) (ScriptedImporter) -> (artifact id: '582427cda170c666d5e9d5c480566f10') in 0.0198421 seconds
Number of updated asset objects reloaded before import = 0Number of asset objects unloaded after import = 40

========================================================================
Received Import Request.
  Time since last request: 0.000047 seconds.
  path: Assets/Assets/Prefabs/Isla mediana 1.prefab
  artifactKey: Guid(05c823c408f340f48b1ae9eb550da9c4) Importer(2089858483,3d70f49cd1c2eb9ae422958d1c652c6b)
Start importing Assets/Assets/Prefabs/Isla mediana 1.prefab using Guid(05c823c408f340f48b1ae9eb550da9c4) Importer(2089858483,3d70f49cd1c2eb9ae422958d1c652c6b) (ScriptedImporter) -> (artifact id: '231d908b601f9519d9096a6386bdb6ba') in 0.0173499 seconds
Number of updated asset objects reloaded before import = 0Number of asset objects unloaded after import = 15

========================================================================
Received Import Request.
  Time since last request: 0.000062 seconds.
  path: Assets/Assets/Scripts/TurretController.cs
  artifactKey: Guid(90a7da092d04d4b4c8d632aa07d7c217) Importer(2089858483,192608db42251d675da83286b1cce702)
Start importing Assets/Assets/Scripts/TurretController.cs using Guid(90a7da092d04d4b4c8d632aa07d7c217) Importer(2089858483,192608db42251d675da83286b1cce702) (ScriptedImporter) -> (artifact id: '10b4bd2f0c30ce61cead362c44e63f96') in 0.0172141 seconds
Number of updated asset objects reloaded before import = 0Number of asset objects unloaded after import = 0

========================================================================
Received Import Request.
  Time since last request: 0.000040 seconds.
  path: Assets/Assets/3D/Torreta/Torreta.fbx
  artifactKey: Guid(bf8b2dc63fa6f414a9b838d255628c0f) Importer(2089858483,192608db42251d675da83286b1cce702)
Start importing Assets/Assets/3D/Torreta/Torreta.fbx using Guid(bf8b2dc63fa6f414a9b838d255628c0f) Importer(2089858483,192608db42251d675da83286b1cce702) (ScriptedImporter) -> (artifact id: '08d23247c01ef4fe64f49e67c26f20bc') in 0.0542135 seconds
Number of updated asset objects reloaded before import = 0Number of asset objects unloaded after import = 14

========================================================================
Received Import Request.
  Time since last request: 0.000040 seconds.
  path: Assets/Assets/Scripts/DronController.cs
  artifactKey: Guid(2ec7436fa56e39143b59140246f1c08c) Importer(2089858483,192608db42251d675da83286b1cce702)
Start importing Assets/Assets/Scripts/DronController.cs using Guid(2ec7436fa56e39143b59140246f1c08c) Importer(2089858483,192608db42251d675da83286b1cce702) (ScriptedImporter) -> (artifact id: '718962de4c9fe126d29327252763b5ce') in 0.0311119 seconds
Number of updated asset objects reloaded before import = 0Number of asset objects unloaded after import = 0

========================================================================
Received Import Request.
  Time since last request: 0.000060 seconds.
  path: Assets/UI pack/Circles/Gradient circle.png
  artifactKey: Guid(7e47ad0249396044b852122a53251bb8) Importer(2089858483,192608db42251d675da83286b1cce702)
Start importing Assets/UI pack/Circles/Gradient circle.png using Guid(7e47ad0249396044b852122a53251bb8) Importer(2089858483,192608db42251d675da83286b1cce702) (ScriptedImporter) -> (artifact id: '8fb1eef61f68ce218a2ed3274d5c8735') in 0.0312425 seconds
Number of updated asset objects reloaded before import = 0Number of asset objects unloaded after import = 3

========================================================================
Received Import Request.
  Time since last request: 0.000043 seconds.
  path: Assets/Assets/3D/Casas/Materiales/Cristal.mat
  artifactKey: Guid(2f9b8ad37ed444243ba6e1f7120cc9df) Importer(2089858483,192608db42251d675da83286b1cce702)
Start importing Assets/Assets/3D/Casas/Materiales/Cristal.mat using Guid(2f9b8ad37ed444243ba6e1f7120cc9df) Importer(2089858483,192608db42251d675da83286b1cce702) (ScriptedImporter) -> (artifact id: '1dfcd8caba3e201101b740cf612c722e') in 0.0202321 seconds
Number of updated asset objects reloaded before import = 0Number of asset objects unloaded after import = 1

========================================================================
Received Import Request.
  Time since last request: 0.000060 seconds.
  path: Assets/UI pack/Prefabs/Bars/HealthBar.prefab
  artifactKey: Guid(17cbc357bf20de74485f5f5d54b77b72) Importer(2089858483,192608db42251d675da83286b1cce702)
Start importing Assets/UI pack/Prefabs/Bars/HealthBar.prefab using Guid(17cbc357bf20de74485f5f5d54b77b72) Importer(2089858483,192608db42251d675da83286b1cce702) (ScriptedImporter) -> (artifact id: '4d0329989b36c125c8553ded5f20fb63') in 0.0316187 seconds
Number of updated asset objects reloaded before import = 0Number of asset objects unloaded after import = 23

========================================================================
Received Import Request.
  Time since last request: 0.000189 seconds.
  path: Assets/Assets/3D/Planeta/Materiales
  artifactKey: Guid(8efee9b2ec62e564d883172d7fa40c70) Importer(2089858483,192608db42251d675da83286b1cce702)
Start importing Assets/Assets/3D/Planeta/Materiales using Guid(8efee9b2ec62e564d883172d7fa40c70) Importer(2089858483,192608db42251d675da83286b1cce702) (ScriptedImporter) -> (artifact id: 'a38c31d4c6f013f1095f3950cd82e028') in 0.0122207 seconds
Number of updated asset objects reloaded before import = 0Number of asset objects unloaded after import = 1

========================================================================
Received Import Request.
  Time since last request: 0.000048 seconds.
  path: Assets/UI pack/Icons/Bolt colored.png
  artifactKey: Guid(25887e1e767bc774e9a24997a9343056) Importer(2089858483,192608db42251d675da83286b1cce702)
Start importing Assets/UI pack/Icons/Bolt colored.png using Guid(25887e1e767bc774e9a24997a9343056) Importer(2089858483,192608db42251d675da83286b1cce702) (ScriptedImporter) -> (artifact id: 'ca2edf85456111f5d7979a7d5022d740') in 0.0342986 seconds
Number of updated asset objects reloaded before import = 0Number of asset objects unloaded after import = 3

========================================================================
Received Import Request.
  Time since last request: 0.000057 seconds.
  path: Assets/Assets/3D/Jefe
  artifactKey: Guid(cbe8f66f2a1513d449484de9a2a5571f) Importer(2089858483,192608db42251d675da83286b1cce702)
Start importing Assets/Assets/3D/Jefe using Guid(cbe8f66f2a1513d449484de9a2a5571f) Importer(2089858483,192608db42251d675da83286b1cce702) (ScriptedImporter) -> (artifact id: 'dfcdc7fffdeb0a2ca69d575ac2a38959') in 0.0118672 seconds
Number of updated asset objects reloaded before import = 0Number of asset objects unloaded after import = 1

========================================================================
Received Import Request.
  Time since last request: 0.000055 seconds.
  path: Assets/Assets/3D/Planeta/Texturas
  artifactKey: Guid(31ad4f0b04cc7cd459539ea9d4eb08cf) Importer(2089858483,192608db42251d675da83286b1cce702)
Start importing Assets/Assets/3D/Planeta/Texturas using Guid(31ad4f0b04cc7cd459539ea9d4eb08cf) Importer(2089858483,192608db42251d675da83286b1cce702) (ScriptedImporter) -> (artifact id: '780376fd37d6a43e81e5125781499b68') in 0.0117386 seconds
Number of updated asset objects reloaded before import = 0Number of asset objects unloaded after import = 1

========================================================================
Received Import Request.
  Time since last request: 0.000036 seconds.
  path: Assets/Assets/3D/Casas/Textuas/brown_planks_04_nor_gl_4k.exr
  artifactKey: Guid(de65ef9130606ce4a97543cdedabfe9f) Importer(2089858483,192608db42251d675da83286b1cce702)
Start importing Assets/Assets/3D/Casas/Textuas/brown_planks_04_nor_gl_4k.exr using Guid(de65ef9130606ce4a97543cdedabfe9f) Importer(2089858483,192608db42251d675da83286b1cce702) (ScriptedImporter) -> (artifact id: '5f20c0f9f6289381ad7b2c6f06de9cf8') in 0.0417675 seconds
Number of updated asset objects reloaded before import = 0Number of asset objects unloaded after import = 1

========================================================================
Received Import Request.
  Time since last request: 0.000101 seconds.
  path: Assets/Assets/Scripts/Menu_UI
  artifactKey: Guid(8a5e533c76f3b344ca1c30af22931677) Importer(2089858483,192608db42251d675da83286b1cce702)
Start importing Assets/Assets/Scripts/Menu_UI using Guid(8a5e533c76f3b344ca1c30af22931677) Importer(2089858483,192608db42251d675da83286b1cce702) (ScriptedImporter) -> (artifact id: '45350fd348cf41e9cd13908d0d673b91') in 0.0129844 seconds
Number of updated asset objects reloaded before import = 0Number of asset objects unloaded after import = 1

========================================================================
Received Import Request.
  Time since last request: 0.000033 seconds.
  path: Assets/Assets/Prefabs/Isla pequeña 3.prefab
  artifactKey: Guid(e03c76fe008211d459bead3ebee9361e) Importer(2089858483,3d70f49cd1c2eb9ae422958d1c652c6b)
Start importing Assets/Assets/Prefabs/Isla pequeña 3.prefab using Guid(e03c76fe008211d459bead3ebee9361e) Importer(2089858483,3d70f49cd1c2eb9ae422958d1c652c6b) (ScriptedImporter) -> (artifact id: '449810cb8d985b27ee6e1661da06e462') in 0.0249229 seconds
Number of updated asset objects reloaded before import = 0Number of asset objects unloaded after import = 16

========================================================================
Received Import Request.
  Time since last request: 0.000053 seconds.
  path: Assets/Assets/Prefabs/Casa2.prefab
  artifactKey: Guid(523b6a90a76a9c4459e3ac0515821b24) Importer(2089858483,192608db42251d675da83286b1cce702)
Start importing Assets/Assets/Prefabs/Casa2.prefab using Guid(523b6a90a76a9c4459e3ac0515821b24) Importer(2089858483,192608db42251d675da83286b1cce702) (ScriptedImporter) -> (artifact id: 'e5ca6e5b0544f999461b0e45fe96da61') in 0.0860924 seconds
Number of updated asset objects reloaded before import = 0Number of asset objects unloaded after import = 90

========================================================================
Received Import Request.
  Time since last request: 0.000066 seconds.
  path: Assets/UniversalRenderPipelineAsset.asset
  artifactKey: Guid(4ea4ece32422dc04fa910bd62f7c05ac) Importer(2089858483,3d70f49cd1c2eb9ae422958d1c652c6b)
Start importing Assets/UniversalRenderPipelineAsset.asset using Guid(4ea4ece32422dc04fa910bd62f7c05ac) Importer(2089858483,3d70f49cd1c2eb9ae422958d1c652c6b) (ScriptedImporter) -> (artifact id: 'cebe8c1e43739cd977a512a195fc03ff') in 0.0299277 seconds
Number of updated asset objects reloaded before import = 0Number of asset objects unloaded after import = 0

========================================================================
Received Import Request.
  Time since last request: 0.000065 seconds.
  path: Assets/UI pack/Circles
  artifactKey: Guid(ab1b9c40a6549c2488b27164f59f97e1) Importer(2089858483,192608db42251d675da83286b1cce702)
Start importing Assets/UI pack/Circles using Guid(ab1b9c40a6549c2488b27164f59f97e1) Importer(2089858483,192608db42251d675da83286b1cce702) (ScriptedImporter) -> (artifact id: '95f3a28e30ade2e89c1123311884dd97') in 0.0194461 seconds
Number of updated asset objects reloaded before import = 0Number of asset objects unloaded after import = 1

========================================================================
Received Import Request.
  Time since last request: 0.000045 seconds.
  path: Assets/Assets/Scripts/Menu_UI/HealthBar.cs
  artifactKey: Guid(b70dbe8d8b6a5c54492328f59eba0728) Importer(2089858483,192608db42251d675da83286b1cce702)
Start importing Assets/Assets/Scripts/Menu_UI/HealthBar.cs using Guid(b70dbe8d8b6a5c54492328f59eba0728) Importer(2089858483,192608db42251d675da83286b1cce702) (ScriptedImporter) -> (artifact id: '273f041fcdbfb9ee3c41aba0b5b19381') in 0.0157641 seconds
Number of updated asset objects reloaded before import = 0Number of asset objects unloaded after import = 0

========================================================================
Received Import Request.
  Time since last request: 0.000080 seconds.
  path: Assets/TextMesh Pro/Shaders/TMP_SDF-Mobile.shader
  artifactKey: Guid(fe393ace9b354375a9cb14cdbbc28be4) Importer(2089858483,192608db42251d675da83286b1cce702)
Start importing Assets/TextMesh Pro/Shaders/TMP_SDF-Mobile.shader using Guid(fe393ace9b354375a9cb14cdbbc28be4) Importer(2089858483,192608db42251d675da83286b1cce702) (ScriptedImporter) -> (artifact id: 'd708b48ee7582997e47c35fd45352bff') in 0.0404026 seconds
Number of updated asset objects reloaded before import = 0Number of asset objects unloaded after import = 1

========================================================================
Received Import Request.
  Time since last request: 0.000042 seconds.
  path: Assets/Assets/3D/Dron/Materiales
  artifactKey: Guid(3e7f3cdf6b833d140b94377381c551f9) Importer(2089858483,192608db42251d675da83286b1cce702)
Start importing Assets/Assets/3D/Dron/Materiales using Guid(3e7f3cdf6b833d140b94377381c551f9) Importer(2089858483,192608db42251d675da83286b1cce702) (ScriptedImporter) -> (artifact id: '136d841ef1d66a1cd8a155e4fc3048b2') in 0.0278933 seconds
Number of updated asset objects reloaded before import = 0Number of asset objects unloaded after import = 1

========================================================================
Received Import Request.
  Time since last request: 0.000048 seconds.
  path: Assets/Assets/3D/Dron
  artifactKey: Guid(1f81bd2d668e85a4ea5901607501337e) Importer(2089858483,192608db42251d675da83286b1cce702)
Start importing Assets/Assets/3D/Dron using Guid(1f81bd2d668e85a4ea5901607501337e) Importer(2089858483,192608db42251d675da83286b1cce702) (ScriptedImporter) -> (artifact id: '1a0928c113e7cdfc916d2cd5e4f42020') in 0.0149205 seconds
Number of updated asset objects reloaded before import = 0Number of asset objects unloaded after import = 1

========================================================================
Received Import Request.
  Time since last request: 0.000114 seconds.
  path: Assets/Assets/Prefabs/Bullet.prefab
  artifactKey: Guid(0993d6f8395bcfa49879bdc026e24c53) Importer(2089858483,3d70f49cd1c2eb9ae422958d1c652c6b)
Start importing Assets/Assets/Prefabs/Bullet.prefab using Guid(0993d6f8395bcfa49879bdc026e24c53) Importer(2089858483,3d70f49cd1c2eb9ae422958d1c652c6b) (ScriptedImporter) -> (artifact id: '83a7d38988a182e7ff03d3427c478bce') in 0.0357521 seconds
Number of updated asset objects reloaded before import = 0Number of asset objects unloaded after import = 10

========================================================================
Received Import Request.
  Time since last request: 0.000036 seconds.
  path: Assets/Assets/Scripts/Menu_UI/MenuController.cs
  artifactKey: Guid(52b3d01b844d18f43bd00a1f3366249b) Importer(2089858483,192608db42251d675da83286b1cce702)
Start importing Assets/Assets/Scripts/Menu_UI/MenuController.cs using Guid(52b3d01b844d18f43bd00a1f3366249b) Importer(2089858483,192608db42251d675da83286b1cce702) (ScriptedImporter) -> (artifact id: 'd9faa7a5b296df8a842d76f6b0f9789a') in 0.0126738 seconds
Number of updated asset objects reloaded before import = 0Number of asset objects unloaded after import = 0

========================================================================
Received Import Request.
  Time since last request: 0.000049 seconds.
  path: Assets/TextMesh Pro/Shaders/TMP_SDF-URP Lit.shadergraph
  artifactKey: Guid(a3d800b099a06e0478fb790c5e79057a) Importer(2089858483,192608db42251d675da83286b1cce702)
Start importing Assets/TextMesh Pro/Shaders/TMP_SDF-URP Lit.shadergraph using Guid(a3d800b099a06e0478fb790c5e79057a) Importer(2089858483,192608db42251d675da83286b1cce702) (ScriptedImporter) -> (artifact id: '3ec682b51a96ceea185d213f8ad3e181') in 0.552834 seconds
Number of updated asset objects reloaded before import = 0Number of asset objects unloaded after import = 4

========================================================================
Received Import Request.
  Time since last request: 0.000052 seconds.
  path: Assets/Assets/3D/Jefe/Texturas/Armas J.png
  artifactKey: Guid(1d1e769c34f578745b9daddcc1b44cf8) Importer(2089858483,192608db42251d675da83286b1cce702)
Start importing Assets/Assets/3D/Jefe/Texturas/Armas J.png using Guid(1d1e769c34f578745b9daddcc1b44cf8) Importer(2089858483,192608db42251d675da83286b1cce702) (ScriptedImporter) -> (artifact id: 'b5241f92a3085b13aca2597b5c4795af') in 0.0320141 seconds
Number of updated asset objects reloaded before import = 0Number of asset objects unloaded after import = 1

========================================================================
Received Import Request.
  Time since last request: 0.000036 seconds.
  path: Assets/TextMesh Pro/Resources/Style Sheets/Default Style Sheet.asset
  artifactKey: Guid(f952c082cb03451daed3ee968ac6c63e) Importer(2089858483,3d70f49cd1c2eb9ae422958d1c652c6b)
Start importing Assets/TextMesh Pro/Resources/Style Sheets/Default Style Sheet.asset using Guid(f952c082cb03451daed3ee968ac6c63e) Importer(2089858483,3d70f49cd1c2eb9ae422958d1c652c6b) (ScriptedImporter) -> (artifact id: '5ad92cf9d2b6f8632b4fe3e990a91e38') in 0.0191554 seconds
Number of updated asset objects reloaded before import = 0Number of asset objects unloaded after import = 0

========================================================================
Received Import Request.
  Time since last request: 0.000048 seconds.
  path: Assets/Assets/3D/Nave/Texturas
  artifactKey: Guid(c7bbe46343051bc4faf26611c3854a7d) Importer(2089858483,192608db42251d675da83286b1cce702)
Start importing Assets/Assets/3D/Nave/Texturas using Guid(c7bbe46343051bc4faf26611c3854a7d) Importer(2089858483,192608db42251d675da83286b1cce702) (ScriptedImporter) -> (artifact id: '349220df0a6468e6c1adea8adedd2445') in 0.0137846 seconds
Number of updated asset objects reloaded before import = 0Number of asset objects unloaded after import = 1

========================================================================
Received Import Request.
  Time since last request: 0.000067 seconds.
  path: Assets/Assets/Scripts/Menu_UI/ChatarraController.cs
  artifactKey: Guid(6ccb1ec4314bb464dbd8f1176884b57b) Importer(2089858483,192608db42251d675da83286b1cce702)
Start importing Assets/Assets/Scripts/Menu_UI/ChatarraController.cs using Guid(6ccb1ec4314bb464dbd8f1176884b57b) Importer(2089858483,192608db42251d675da83286b1cce702) (ScriptedImporter) -> (artifact id: '428a2fe88caa51e77c854a74090bf28a') in 0.0190081 seconds
Number of updated asset objects reloaded before import = 0Number of asset objects unloaded after import = 0

========================================================================
Received Import Request.
  Time since last request: 0.000041 seconds.
  path: Assets/UI pack/Circles/Circle green.png
  artifactKey: Guid(07d868e0fd2a23942bd04c6dffb76ed7) Importer(2089858483,192608db42251d675da83286b1cce702)
Start importing Assets/UI pack/Circles/Circle green.png using Guid(07d868e0fd2a23942bd04c6dffb76ed7) Importer(2089858483,192608db42251d675da83286b1cce702) (ScriptedImporter) -> (artifact id: '258d60bd04b6ca5c127886acc30198ee') in 0.0296546 seconds
Number of updated asset objects reloaded before import = 0Number of asset objects unloaded after import = 3

========================================================================
Received Import Request.
  Time since last request: 0.000043 seconds.
  path: Assets/Assets/3D/Estructuras CA/Cupula
  artifactKey: Guid(7c2fe3bb287dbbd4d9eef919c8d20983) Importer(2089858483,192608db42251d675da83286b1cce702)
Start importing Assets/Assets/3D/Estructuras CA/Cupula using Guid(7c2fe3bb287dbbd4d9eef919c8d20983) Importer(2089858483,192608db42251d675da83286b1cce702) (ScriptedImporter) -> (artifact id: 'ed597c13d24fc6f7080caddfaec872a1') in 0.0130382 seconds
Number of updated asset objects reloaded before import = 0Number of asset objects unloaded after import = 1

========================================================================
Received Import Request.
  Time since last request: 0.000050 seconds.
  path: Assets/Assets/3D/Estructuras CA/Almacen/Almacen.fbx
  artifactKey: Guid(201d77905fca11b4291929dd6adb3fa5) Importer(2089858483,192608db42251d675da83286b1cce702)
Start importing Assets/Assets/3D/Estructuras CA/Almacen/Almacen.fbx using Guid(201d77905fca11b4291929dd6adb3fa5) Importer(2089858483,192608db42251d675da83286b1cce702) (ScriptedImporter) -> (artifact id: '448ca18da30f16e820dab48eea29176e') in 0.03559 seconds
Number of updated asset objects reloaded before import = 0Number of asset objects unloaded after import = 19

========================================================================
Received Import Request.
  Time since last request: 0.000034 seconds.
  path: Assets/UI pack/Button
  artifactKey: Guid(5440ba8d47ee3d8428b8d141f3434d5d) Importer(2089858483,192608db42251d675da83286b1cce702)
Start importing Assets/UI pack/Button using Guid(5440ba8d47ee3d8428b8d141f3434d5d) Importer(2089858483,192608db42251d675da83286b1cce702) (ScriptedImporter) -> (artifact id: '77dbcd1de4c6c799c629815c9b5e190b') in 0.0145928 seconds
Number of updated asset objects reloaded before import = 0Number of asset objects unloaded after import = 1

========================================================================
Received Import Request.
  Time since last request: 0.000088 seconds.
  path: Assets/Assets/Prefabs/Edificio.prefab
  artifactKey: Guid(c20bc9a654692c84cabebe84130a9334) Importer(2089858483,192608db42251d675da83286b1cce702)
Start importing Assets/Assets/Prefabs/Edificio.prefab using Guid(c20bc9a654692c84cabebe84130a9334) Importer(2089858483,192608db42251d675da83286b1cce702) (ScriptedImporter) -> (artifact id: '54aa390b71711853ae4346fc531d2605') in 0.0172657 seconds
Number of updated asset objects reloaded before import = 0Number of asset objects unloaded after import = 28

========================================================================
Received Import Request.
  Time since last request: 0.000057 seconds.
  path: Assets/Assets/3D/Casas/Casa1.fbx
  artifactKey: Guid(476232be1f4e07e41aecadd252de5c3f) Importer(2089858483,192608db42251d675da83286b1cce702)
Start importing Assets/Assets/3D/Casas/Casa1.fbx using Guid(476232be1f4e07e41aecadd252de5c3f) Importer(2089858483,192608db42251d675da83286b1cce702) (ScriptedImporter) -> (artifact id: 'a59bd491d1369388879ead0658c4a27a') in 0.0562864 seconds
Number of updated asset objects reloaded before import = 0Number of asset objects unloaded after import = 44

========================================================================
Received Import Request.
  Time since last request: 0.000031 seconds.
  path: Assets/TextMesh Pro/Shaders/TMP_SDF-Mobile Overlay.shader
  artifactKey: Guid(a02a7d8c237544f1962732b55a9aebf1) Importer(2089858483,192608db42251d675da83286b1cce702)
Start importing Assets/TextMesh Pro/Shaders/TMP_SDF-Mobile Overlay.shader using Guid(a02a7d8c237544f1962732b55a9aebf1) Importer(2089858483,192608db42251d675da83286b1cce702) (ScriptedImporter) -> (artifact id: 'fce9ac1dd27ad0b9b5dac91db82e5a91') in 0.01874 seconds
Number of updated asset objects reloaded before import = 0Number of asset objects unloaded after import = 1

========================================================================
Received Import Request.
  Time since last request: 0.000047 seconds.
  path: Assets/Assets/3D/Casas/Materiales/MaderaPared.mat
  artifactKey: Guid(f327ea92f624a07418445746e3d91b97) Importer(2089858483,192608db42251d675da83286b1cce702)
Start importing Assets/Assets/3D/Casas/Materiales/MaderaPared.mat using Guid(f327ea92f624a07418445746e3d91b97) Importer(2089858483,192608db42251d675da83286b1cce702) (ScriptedImporter) -> (artifact id: '3b16fd07cbf6fbff508128e6f80ba6f7') in 0.0398131 seconds
Number of updated asset objects reloaded before import = 0Number of asset objects unloaded after import = 3

========================================================================
Received Import Request.
  Time since last request: 0.000059 seconds.
  path: Assets/UniversalRenderPipelineAsset_Renderer.asset
  artifactKey: Guid(389d93d201b43ec4ab5e7ddca676fd19) Importer(2089858483,3d70f49cd1c2eb9ae422958d1c652c6b)
Start importing Assets/UniversalRenderPipelineAsset_Renderer.asset using Guid(389d93d201b43ec4ab5e7ddca676fd19) Importer(2089858483,3d70f49cd1c2eb9ae422958d1c652c6b) (ScriptedImporter) -> (artifact id: '2d17817a1518d9e08302fac34c52d59a') in 0.0180585 seconds
Number of updated asset objects reloaded before import = 0Number of asset objects unloaded after import = 0

========================================================================
Received Import Request.
  Time since last request: 0.000040 seconds.
  path: Assets/Assets/Prefabs/Casa4.prefab
  artifactKey: Guid(70d23c22efc156145a0480b2bdb9fe85) Importer(2089858483,192608db42251d675da83286b1cce702)
Start importing Assets/Assets/Prefabs/Casa4.prefab using Guid(70d23c22efc156145a0480b2bdb9fe85) Importer(2089858483,192608db42251d675da83286b1cce702) (ScriptedImporter) -> (artifact id: '3dd12cbfd5aee8e7e5736be9d10fd5d2') in 0.0253611 seconds
Number of updated asset objects reloaded before import = 0Number of asset objects unloaded after import = 88

========================================================================
Received Import Request.
  Time since last request: 0.000045 seconds.
  path: Assets/Assets/3D/Estructuras CA
  artifactKey: Guid(2bf70d48babbfda47b0e544d7dc37c52) Importer(2089858483,192608db42251d675da83286b1cce702)
Start importing Assets/Assets/3D/Estructuras CA using Guid(2bf70d48babbfda47b0e544d7dc37c52) Importer(2089858483,192608db42251d675da83286b1cce702) (ScriptedImporter) -> (artifact id: '7b635db05bf353bcf72d1fe81237c9a5') in 0.0167112 seconds
Number of updated asset objects reloaded before import = 0Number of asset objects unloaded after import = 1

Editor requested this worker to shutdown with reason: balancing worker count downwards
AssetImportWorker is now disconnected from the server
Process exiting
Exiting without the bug reporter. Application will terminate with return code 0