Using pre-set license
Built from '6000.0/staging' branch; Version is '6000.0.55f1 (c5f59906196d) revision 12973465'; Using compiler version '193933523'; Build Type 'Release'
OS: 'Windows 11  (10.0.26200) 64bit Professional' Language: 'es' Physical Memory: 32619 MB
BatchMode: 1, IsHumanControllingUs: 0, StartBugReporterOnCrash: 0, Is64bit: 1
Date: 2025-10-21T21:26:04Z

COMMAND LINE ARGUMENTS:
C:\Program Files\Unity\Hub\Editor\6000.0.55f1\Editor\Unity.exe
-adb2
-batchMode
-noUpm
-name
AssetImportWorker7
-projectPath
C:/Users/PCReboot/Documents/VFX/Fundamentos-VFX-Proyecto-Final/Proyecto Final
-logFile
Logs/AssetImportWorker7.log
-srvPort
56421
-job-worker-count
7
-background-job-worker-count
8
-gc-helper-count
1
Successfully changed project path to: C:/Users/PCReboot/Documents/VFX/Fundamentos-VFX-Proyecto-Final/Proyecto Final
C:/Users/PCReboot/Documents/VFX/Fundamentos-VFX-Proyecto-Final/Proyecto Final
[UnityMemory] Configuration Parameters - Can be set up in boot.config
    "memorysetup-bucket-allocator-granularity=16"
    "memorysetup-bucket-allocator-bucket-count=8"
    "memorysetup-bucket-allocator-block-size=33554432"
    "memorysetup-bucket-allocator-block-count=8"
    "memorysetup-main-allocator-block-size=16777216"
    "memorysetup-thread-allocator-block-size=16777216"
    "memorysetup-gfx-main-allocator-block-size=16777216"
    "memorysetup-gfx-thread-allocator-block-size=16777216"
    "memorysetup-cache-allocator-block-size=4194304"
    "memorysetup-typetree-allocator-block-size=2097152"
    "memorysetup-profiler-bucket-allocator-granularity=16"
    "memorysetup-profiler-bucket-allocator-bucket-count=8"
    "memorysetup-profiler-bucket-allocator-block-size=33554432"
    "memorysetup-profiler-bucket-allocator-block-count=8"
    "memorysetup-profiler-allocator-block-size=16777216"
    "memorysetup-profiler-editor-allocator-block-size=1048576"
    "memorysetup-temp-allocator-size-main=16777216"
    "memorysetup-job-temp-allocator-block-size=2097152"
    "memorysetup-job-temp-allocator-block-size-background=1048576"
    "memorysetup-job-temp-allocator-reduction-small-platforms=262144"
    "memorysetup-allocator-temp-initial-block-size-main=262144"
    "memorysetup-allocator-temp-initial-block-size-worker=262144"
    "memorysetup-temp-allocator-size-background-worker=32768"
    "memorysetup-temp-allocator-size-job-worker=262144"
    "memorysetup-temp-allocator-size-preload-manager=33554432"
    "memorysetup-temp-allocator-size-nav-mesh-worker=65536"
    "memorysetup-temp-allocator-size-audio-worker=65536"
    "memorysetup-temp-allocator-size-cloud-worker=32768"
    "memorysetup-temp-allocator-size-gi-baking-worker=262144"
    "memorysetup-temp-allocator-size-gi-baking-worker=262144"
    "memorysetup-temp-allocator-size-gi-baking-worker=262144"
    "memorysetup-temp-allocator-size-gi-baking-worker=262144"
    "memorysetup-temp-allocator-size-gi-baking-worker=262144"
    "memorysetup-temp-allocator-size-gfx=262144"
Player connection [46108]  Target information:

Player connection [46108]  * "[IP] 192.168.1.226 [Port] 0 [Flags] 2 [Guid] 666524784 [EditorId] 666524784 [Version] 1048832 [Id] WindowsEditor(7,DESKTOP-0S7B7VU) [Debug] 1 [PackageName] WindowsEditor [ProjectName] Editor" 

Player connection [46108] Host joined multi-casting on [225.0.0.222:54997]...
Player connection [46108] Host joined alternative multi-casting on [225.0.0.222:34997]...
JobSystem: Creating JobQueue using job-worker-count value 7
Input System module state changed to: Initialized.
[Physics::Module] Initialized fallback backend.
[Physics::Module] Id: 0xdecafbad
Library Redirect Path: Library/
[Physics::Module] Selected backend.
[Physics::Module] Name: PhysX
[Physics::Module] Id: 0xf2b8ea05
[Physics::Module] SDK Version: 4.1.2
[Physics::Module] Integration Version: 1.0.0
[Physics::Module] Threading Mode: Multi-Threaded
Refreshing native plugins compatible for Editor in 8.04 ms, found 3 plugins.
Preloading 0 native plugins for Editor in 0.00 ms.
Initialize engine version: 6000.0.55f1 (c5f59906196d)
[Subsystems] Discovering subsystems at path C:/Program Files/Unity/Hub/Editor/6000.0.55f1/Editor/Data/Resources/UnitySubsystems
[Subsystems] Discovering subsystems at path C:/Users/PCReboot/Documents/VFX/Fundamentos-VFX-Proyecto-Final/Proyecto Final/Assets
GfxDevice: creating device client; kGfxThreadingModeNonThreaded
Direct3D:
    Version:  Direct3D 11.0 [level 11.1]
    Renderer: AMD Radeon RX 6650 XT (ID=0x73ef)
    Vendor:   ATI
    VRAM:     8146 MB
    Driver:   32.0.21025.10016
Initialize mono
Mono path[0] = 'C:/Program Files/Unity/Hub/Editor/6000.0.55f1/Editor/Data/Managed'
Mono path[1] = 'C:/Program Files/Unity/Hub/Editor/6000.0.55f1/Editor/Data/MonoBleedingEdge/lib/mono/unityjit-win32'
Mono config path = 'C:/Program Files/Unity/Hub/Editor/6000.0.55f1/Editor/Data/MonoBleedingEdge/etc'
Using monoOptions --debugger-agent=transport=dt_socket,embedding=1,server=y,suspend=n,address=127.0.0.1:56224
Begin MonoManager ReloadAssembly
Registering precompiled unity dll's ...
Register platform support module: C:/Program Files/Unity/Hub/Editor/6000.0.55f1/Editor/Data/PlaybackEngines/WindowsStandaloneSupport/UnityEditor.WindowsStandalone.Extensions.dll
Registered in 0.014229 seconds.
- Loaded All Assemblies, in  1.171 seconds
Native extension for WindowsStandalone target not found
Mono: successfully reloaded assembly
- Finished resetting the current domain, in  0.986 seconds
Domain Reload Profiling: 2141ms
	BeginReloadAssembly (421ms)
		ExecutionOrderSort (0ms)
		DisableScriptedObjects (0ms)
		BackupInstance (0ms)
		ReleaseScriptingObjects (0ms)
		CreateAndSetChildDomain (2ms)
	RebuildCommonClasses (97ms)
	RebuildNativeTypeToScriptingClass (25ms)
	initialDomainReloadingComplete (133ms)
	LoadAllAssembliesAndSetupDomain (477ms)
		LoadAssemblies (408ms)
		RebuildTransferFunctionScriptingTraits (0ms)
		AnalyzeDomain (472ms)
			TypeCache.Refresh (462ms)
				TypeCache.ScanAssembly (415ms)
			BuildScriptInfoCaches (1ms)
			ResolveRequiredComponents (6ms)
	FinalizeReload (987ms)
		ReleaseScriptCaches (0ms)
		RebuildScriptCaches (0ms)
		SetupLoadedEditorAssemblies (855ms)
			LogAssemblyErrors (0ms)
			InitializePlatformSupportModulesInManaged (56ms)
			SetLoadedEditorAssemblies (9ms)
			BeforeProcessingInitializeOnLoad (202ms)
			ProcessInitializeOnLoadAttributes (469ms)
			ProcessInitializeOnLoadMethodAttributes (119ms)
			AfterProcessingInitializeOnLoad (0ms)
			EditorAssembliesLoaded (0ms)
		ExecutionOrderSort2 (0ms)
		AwakeInstancesAfterBackupRestoration (0ms)
Assembly reference Packages/com.unity.cinemachine/Editor/Samples/ExposeHDRPInternals/HDRP-Editor-ref.asmref has no target assembly definition
========================================================================
Worker process is ready to serve import requests
Import Worker Mode flag is 0x00
Assembly reference Packages/com.unity.cinemachine/Editor/Samples/ExposeHDRPInternals/HDRP-Editor-ref.asmref has no target assembly definition
Assembly reference Packages/com.unity.cinemachine/Editor/Samples/ExposeHDRPInternals/HDRP-Editor-ref.asmref has no target assembly definition
Begin MonoManager ReloadAssembly
- Loaded All Assemblies, in  2.287 seconds
Assembly reference Packages/com.unity.cinemachine/Editor/Samples/ExposeHDRPInternals/HDRP-Editor-ref.asmref has no target assembly definition
'Packages/com.unity.cinemachine/Editor/Obsolete/CinemachineVirtualCameraBaseEditor.cs' contains partial class of Unity.Object, exactly 1 of the partial classes needs to be in a file with the same filename. This is to know the one that can be referenced from ie. GameObjects
'Packages/com.unity.cinemachine/Editor/Editors/CinemachineVirtualCameraBaseEditor.cs' contains partial class of Unity.Object, exactly 1 of the partial classes needs to be in a file with the same filename. This is to know the one that can be referenced from ie. GameObjects
Refreshing native plugins compatible for Editor in 3.88 ms, found 3 plugins.
Native extension for WindowsStandalone target not found
Assembly reference Packages/com.unity.cinemachine/Editor/Samples/ExposeHDRPInternals/HDRP-Editor-ref.asmref has no target assembly definition
Package Manager log level set to [2]
[Package Manager] Failed to launch server process. Reason: Unity was launched with the -noUpm command-line argument
[Package Manager] Unable to send message (not connected to server process).
[Package Manager] Cannot connect to Unity Package Manager local server
Mono: successfully reloaded assembly
- Finished resetting the current domain, in  1.851 seconds
Domain Reload Profiling: 4114ms
	BeginReloadAssembly (404ms)
		ExecutionOrderSort (0ms)
		DisableScriptedObjects (11ms)
		BackupInstance (0ms)
		ReleaseScriptingObjects (0ms)
		CreateAndSetChildDomain (65ms)
	RebuildCommonClasses (85ms)
	RebuildNativeTypeToScriptingClass (26ms)
	initialDomainReloadingComplete (115ms)
	LoadAllAssembliesAndSetupDomain (1631ms)
		LoadAssemblies (1206ms)
		RebuildTransferFunctionScriptingTraits (0ms)
		AnalyzeDomain (658ms)
			TypeCache.Refresh (516ms)
				TypeCache.ScanAssembly (477ms)
			BuildScriptInfoCaches (114ms)
			ResolveRequiredComponents (20ms)
	FinalizeReload (1852ms)
		ReleaseScriptCaches (0ms)
		RebuildScriptCaches (0ms)
		SetupLoadedEditorAssemblies (1439ms)
			LogAssemblyErrors (0ms)
			InitializePlatformSupportModulesInManaged (4ms)
			SetLoadedEditorAssemblies (6ms)
			BeforeProcessingInitializeOnLoad (361ms)
			ProcessInitializeOnLoadAttributes (942ms)
			ProcessInitializeOnLoadMethodAttributes (103ms)
			AfterProcessingInitializeOnLoad (23ms)
			EditorAssembliesLoaded (0ms)
		ExecutionOrderSort2 (0ms)
		AwakeInstancesAfterBackupRestoration (14ms)
Launched and connected shader compiler UnityShaderCompiler.exe after 0.19 seconds
Refreshing native plugins compatible for Editor in 3.63 ms, found 3 plugins.
Preloading 0 native plugins for Editor in 0.00 ms.
Unloading 14 Unused Serialized files (Serialized files now loaded: 0)
Unloading 6556 unused Assets / (5.4 MB). Loaded Objects now: 7312.
Memory consumption went from 248.2 MB to 242.9 MB.
Total: 27.936000 ms (FindLiveObjects: 1.859600 ms CreateObjectMapping: 4.203500 ms MarkObjects: 15.207000 ms  DeleteObjects: 6.663200 ms)

========================================================================
Received Import Request.
  Time since last request: 341927.807609 seconds.
  path: Assets/UI pack/Fonts/Roboto-Thin.ttf
  artifactKey: Guid(4ec97b8fea68bd144a1413dc60231502) Importer(2089858483,192608db42251d675da83286b1cce702)
Start importing Assets/UI pack/Fonts/Roboto-Thin.ttf using Guid(4ec97b8fea68bd144a1413dc60231502) Importer(2089858483,192608db42251d675da83286b1cce702) (ScriptedImporter) -> (artifact id: 'a92cae2d677828e489a77947cb22f80d') in 0.5144415 seconds
Number of updated asset objects reloaded before import = 0Number of asset objects unloaded after import = 3

========================================================================
Received Import Request.
  Time since last request: 0.000037 seconds.
  path: Assets/TextMesh Pro/Shaders/TMP_Bitmap-Mobile.shader
  artifactKey: Guid(1e3b057af24249748ff873be7fafee47) Importer(2089858483,192608db42251d675da83286b1cce702)
Start importing Assets/TextMesh Pro/Shaders/TMP_Bitmap-Mobile.shader using Guid(1e3b057af24249748ff873be7fafee47) Importer(2089858483,192608db42251d675da83286b1cce702) (ScriptedImporter) -> (artifact id: '93012d12c38c205c8b28a8eb41decde1') in 0.0449128 seconds
Number of updated asset objects reloaded before import = 0Number of asset objects unloaded after import = 1

========================================================================
Received Import Request.
  Time since last request: 0.000046 seconds.
  path: Assets/UI pack/Fonts
  artifactKey: Guid(56ebd5de11c249b4e977248fa512abab) Importer(2089858483,192608db42251d675da83286b1cce702)
Start importing Assets/UI pack/Fonts using Guid(56ebd5de11c249b4e977248fa512abab) Importer(2089858483,192608db42251d675da83286b1cce702) (ScriptedImporter) -> (artifact id: 'dcabeb8390440aa89ba2e5a32f5a240b') in 0.018362 seconds
Number of updated asset objects reloaded before import = 0Number of asset objects unloaded after import = 1

========================================================================
Received Import Request.
  Time since last request: 0.000031 seconds.
  path: Assets/Assets/3D/Torreta/Materiales
  artifactKey: Guid(40e2419061e1f52438c94094ace0d383) Importer(2089858483,192608db42251d675da83286b1cce702)
Start importing Assets/Assets/3D/Torreta/Materiales using Guid(40e2419061e1f52438c94094ace0d383) Importer(2089858483,192608db42251d675da83286b1cce702) (ScriptedImporter) -> (artifact id: 'b8815b6c30387099c89c930bc20ad3a9') in 0.0175543 seconds
Number of updated asset objects reloaded before import = 0Number of asset objects unloaded after import = 1

========================================================================
Received Import Request.
  Time since last request: 0.000054 seconds.
  path: Assets/Assets/3D/Astronauta/AstronautaRig.fbx
  artifactKey: Guid(5c8eec1a69f815e44bb820bdcff7f93d) Importer(2089858483,192608db42251d675da83286b1cce702)
Start importing Assets/Assets/3D/Astronauta/AstronautaRig.fbx using Guid(5c8eec1a69f815e44bb820bdcff7f93d) Importer(2089858483,192608db42251d675da83286b1cce702) (ScriptedImporter) -> (artifact id: 'f6567c372250e7de0cea07e024ebcdb3') in 0.1844344 seconds
Number of updated asset objects reloaded before import = 0Number of asset objects unloaded after import = 73

========================================================================
Received Import Request.
  Time since last request: 0.000051 seconds.
  path: Assets/Assets/3D/Astronauta/Texturas/Astronauta_1.png
  artifactKey: Guid(bf6c8030e1610e443b0b1a72f76642c5) Importer(2089858483,192608db42251d675da83286b1cce702)
Start importing Assets/Assets/3D/Astronauta/Texturas/Astronauta_1.png using Guid(bf6c8030e1610e443b0b1a72f76642c5) Importer(2089858483,192608db42251d675da83286b1cce702) (ScriptedImporter) -> (artifact id: '7dd897ca3874978a27833de730c908bd') in 0.0799672 seconds
Number of updated asset objects reloaded before import = 0Number of asset objects unloaded after import = 1

========================================================================
Received Import Request.
  Time since last request: 0.000053 seconds.
  path: Assets/Assets/3D/Nave/Materiales/CristalRoto.mat
  artifactKey: Guid(47c35979c6c41604d901bb38d0f42ff4) Importer(2089858483,192608db42251d675da83286b1cce702)
Start importing Assets/Assets/3D/Nave/Materiales/CristalRoto.mat using Guid(47c35979c6c41604d901bb38d0f42ff4) Importer(2089858483,192608db42251d675da83286b1cce702) (ScriptedImporter) -> (artifact id: '410e1bd05148fc1f21d60c706b3fbda3') in 0.0606821 seconds
Number of updated asset objects reloaded before import = 0Number of asset objects unloaded after import = 1

========================================================================
Received Import Request.
  Time since last request: 0.000038 seconds.
  path: Assets/TextMesh Pro/Shaders/TMP_SDF SSD.shader
  artifactKey: Guid(14eb328de4b8eb245bb7cea29e4ac00b) Importer(2089858483,192608db42251d675da83286b1cce702)
Start importing Assets/TextMesh Pro/Shaders/TMP_SDF SSD.shader using Guid(14eb328de4b8eb245bb7cea29e4ac00b) Importer(2089858483,192608db42251d675da83286b1cce702) (ScriptedImporter) -> (artifact id: 'ac7fd897644c752deae6079d9aaf44b4') in 0.0193106 seconds
Number of updated asset objects reloaded before import = 0Number of asset objects unloaded after import = 1

========================================================================
Received Import Request.
  Time since last request: 0.000019 seconds.
  path: Assets/UI pack/Button/Red gradient.png
  artifactKey: Guid(28c51f93b6260224c867f45f411a0e85) Importer(2089858483,192608db42251d675da83286b1cce702)
Start importing Assets/UI pack/Button/Red gradient.png using Guid(28c51f93b6260224c867f45f411a0e85) Importer(2089858483,192608db42251d675da83286b1cce702) (ScriptedImporter) -> (artifact id: 'c8ba77a2ba5dfbc8912ae8c3bc4fb98e') in 0.0513968 seconds
Number of updated asset objects reloaded before import = 0Number of asset objects unloaded after import = 3

========================================================================
Received Import Request.
  Time since last request: 0.000030 seconds.
  path: Assets/Assets/3D/Estructuras CA/Almacen
  artifactKey: Guid(c80e89c5683586a4c838cbd1e8c9dc1c) Importer(2089858483,192608db42251d675da83286b1cce702)
Start importing Assets/Assets/3D/Estructuras CA/Almacen using Guid(c80e89c5683586a4c838cbd1e8c9dc1c) Importer(2089858483,192608db42251d675da83286b1cce702) (ScriptedImporter) -> (artifact id: '4d814b11a2452918c74bc7510e590a39') in 0.0113567 seconds
Number of updated asset objects reloaded before import = 0Number of asset objects unloaded after import = 1

========================================================================
Received Import Request.
  Time since last request: 0.000043 seconds.
  path: Assets/Assets/Prefabs/Torreta.prefab
  artifactKey: Guid(60845926390db844a919c0582a7c1e41) Importer(2089858483,3d70f49cd1c2eb9ae422958d1c652c6b)
Start importing Assets/Assets/Prefabs/Torreta.prefab using Guid(60845926390db844a919c0582a7c1e41) Importer(2089858483,3d70f49cd1c2eb9ae422958d1c652c6b) (ScriptedImporter) -> (artifact id: '9b852de3e46fb9c5fbd604e168792733') in 0.0467122 seconds
Number of updated asset objects reloaded before import = 0Number of asset objects unloaded after import = 58

========================================================================
Received Import Request.
  Time since last request: 0.000040 seconds.
  path: Assets/Assets/3D/Astronauta/Texturas/Jetpack.png
  artifactKey: Guid(d4853003d1040be48971518950636d57) Importer(2089858483,192608db42251d675da83286b1cce702)
Start importing Assets/Assets/3D/Astronauta/Texturas/Jetpack.png using Guid(d4853003d1040be48971518950636d57) Importer(2089858483,192608db42251d675da83286b1cce702) (ScriptedImporter) -> (artifact id: '970ad294c34ff33766ad81b7f97ad702') in 0.0285855 seconds
Number of updated asset objects reloaded before import = 0Number of asset objects unloaded after import = 1

========================================================================
Received Import Request.
  Time since last request: 0.000052 seconds.
  path: Assets/UI pack/Prefabs/Sliders/Green slider.prefab
  artifactKey: Guid(09bcacd45e09c4a4a9368232ae4485f1) Importer(2089858483,192608db42251d675da83286b1cce702)
Start importing Assets/UI pack/Prefabs/Sliders/Green slider.prefab using Guid(09bcacd45e09c4a4a9368232ae4485f1) Importer(2089858483,192608db42251d675da83286b1cce702) (ScriptedImporter) -> (artifact id: 'f6627fdbfeeb5f4b3e4fccb9116c0953') in 0.1199816 seconds
Number of updated asset objects reloaded before import = 0Number of asset objects unloaded after import = 23

========================================================================
Received Import Request.
  Time since last request: 0.000031 seconds.
  path: Assets/Assets/Prefabs/Materiales2.prefab
  artifactKey: Guid(f67e0329870229b48bf1dfdda2205db7) Importer(2089858483,192608db42251d675da83286b1cce702)
Start importing Assets/Assets/Prefabs/Materiales2.prefab using Guid(f67e0329870229b48bf1dfdda2205db7) Importer(2089858483,192608db42251d675da83286b1cce702) (ScriptedImporter) -> (artifact id: '56416a4d5a1a6eb97e7927edc7ba05f6') in 0.0359422 seconds
Number of updated asset objects reloaded before import = 0Number of asset objects unloaded after import = 37

========================================================================
Received Import Request.
  Time since last request: 0.000050 seconds.
  path: Assets/UI pack/Prefabs/Bars/Blue circular bar.prefab
  artifactKey: Guid(ad6c23b1951528a47bbb4c7c04c98388) Importer(2089858483,192608db42251d675da83286b1cce702)
Start importing Assets/UI pack/Prefabs/Bars/Blue circular bar.prefab using Guid(ad6c23b1951528a47bbb4c7c04c98388) Importer(2089858483,192608db42251d675da83286b1cce702) (ScriptedImporter) -> (artifact id: '587c63ec6ef5ca8642956930f2bf4750') in 0.0481558 seconds
Number of updated asset objects reloaded before import = 0Number of asset objects unloaded after import = 11

========================================================================
Received Import Request.
  Time since last request: 0.000028 seconds.
  path: Assets/Assets/3D/Jefe/Texturas/Jefe.png
  artifactKey: Guid(8833222981ce0d14285982052bab731f) Importer(2089858483,192608db42251d675da83286b1cce702)
Start importing Assets/Assets/3D/Jefe/Texturas/Jefe.png using Guid(8833222981ce0d14285982052bab731f) Importer(2089858483,192608db42251d675da83286b1cce702) (ScriptedImporter) -> (artifact id: '94fc98727efac07374ca035247a34e70') in 0.0314131 seconds
Number of updated asset objects reloaded before import = 0Number of asset objects unloaded after import = 1

========================================================================
Received Import Request.
  Time since last request: 0.000037 seconds.
  path: Assets/UI pack/Prefabs/Bars/Circle Green.prefab
  artifactKey: Guid(ef0e924a04b82674ca699e6ff30af008) Importer(2089858483,3d70f49cd1c2eb9ae422958d1c652c6b)
Start importing Assets/UI pack/Prefabs/Bars/Circle Green.prefab using Guid(ef0e924a04b82674ca699e6ff30af008) Importer(2089858483,3d70f49cd1c2eb9ae422958d1c652c6b) (ScriptedImporter) -> (artifact id: '7ba7475c7df59ec18b2a650e993c5164') in 0.0248846 seconds
Number of updated asset objects reloaded before import = 0Number of asset objects unloaded after import = 11

========================================================================
Received Import Request.
  Time since last request: 0.000048 seconds.
  path: Assets/TextMesh Pro/Shaders/TMPro_Surface.cginc
  artifactKey: Guid(d930090c0cd643c7b55f19a38538c162) Importer(2089858483,192608db42251d675da83286b1cce702)
Start importing Assets/TextMesh Pro/Shaders/TMPro_Surface.cginc using Guid(d930090c0cd643c7b55f19a38538c162) Importer(2089858483,192608db42251d675da83286b1cce702) (ScriptedImporter) -> (artifact id: '4bc93a316fc043f81b7731f02d595c72') in 0.017868 seconds
Number of updated asset objects reloaded before import = 0Number of asset objects unloaded after import = 1

========================================================================
Received Import Request.
  Time since last request: 19.768808 seconds.
  path: Assets/Settings/Very Low_PipelineAsset.asset
  artifactKey: Guid(a375164935247594ba2dc35ee2813951) Importer(2089858483,192608db42251d675da83286b1cce702)
Start importing Assets/Settings/Very Low_PipelineAsset.asset using Guid(a375164935247594ba2dc35ee2813951) Importer(2089858483,192608db42251d675da83286b1cce702) (ScriptedImporter) -> (artifact id: 'c51f1407a76e3c1118609ce0d29f7fc6') in 0.056837 seconds
Number of updated asset objects reloaded before import = 0Number of asset objects unloaded after import = 2

========================================================================
Received Import Request.
  Time since last request: 0.000029 seconds.
  path: Assets/Assets/Prefabs/VFX/Explosion.prefab
  artifactKey: Guid(ad01a94bcb278284cb87870a5e49ec0c) Importer(2089858483,192608db42251d675da83286b1cce702)
Start importing Assets/Assets/Prefabs/VFX/Explosion.prefab using Guid(ad01a94bcb278284cb87870a5e49ec0c) Importer(2089858483,192608db42251d675da83286b1cce702) (ScriptedImporter) -> (artifact id: '5f63b2fcc4128f92cdabbdb0fcd7d70a') in 0.0898737 seconds
Number of updated asset objects reloaded before import = 0Number of asset objects unloaded after import = 14

========================================================================
Received Import Request.
  Time since last request: 0.000029 seconds.
  path: Assets/Settings/Medium_PipelineAsset_ForwardRenderer.asset
  artifactKey: Guid(25128146d7a4b2d4f83d5c29263e010e) Importer(2089858483,192608db42251d675da83286b1cce702)
Start importing Assets/Settings/Medium_PipelineAsset_ForwardRenderer.asset using Guid(25128146d7a4b2d4f83d5c29263e010e) Importer(2089858483,192608db42251d675da83286b1cce702) (ScriptedImporter) -> (artifact id: '935fb0f9730ad9c71daca828c29600dd') in 0.0307535 seconds
Number of updated asset objects reloaded before import = 0Number of asset objects unloaded after import = 1

========================================================================
Received Import Request.
  Time since last request: 0.000017 seconds.
  path: Assets/Settings/Low_PipelineAsset.asset
  artifactKey: Guid(fbc4bb20039e79746bde76d03a091842) Importer(2089858483,192608db42251d675da83286b1cce702)
Start importing Assets/Settings/Low_PipelineAsset.asset using Guid(fbc4bb20039e79746bde76d03a091842) Importer(2089858483,192608db42251d675da83286b1cce702) (ScriptedImporter) -> (artifact id: '2b0b15e1d7feab52e1b22d609aeb39d7') in 0.0206824 seconds
Number of updated asset objects reloaded before import = 0Number of asset objects unloaded after import = 2

========================================================================
Received Import Request.
  Time since last request: 0.000018 seconds.
  path: Assets/UI pack/Prefabs/Bars/Health bar.prefab
  artifactKey: Guid(dc06b439cbbc6b0409964c1fa7e9a12a) Importer(2089858483,192608db42251d675da83286b1cce702)
Start importing Assets/UI pack/Prefabs/Bars/Health bar.prefab using Guid(dc06b439cbbc6b0409964c1fa7e9a12a) Importer(2089858483,192608db42251d675da83286b1cce702) (ScriptedImporter) -> (artifact id: 'e01337881388428b320a301d15fe1d8a') in 0.0154675 seconds
Number of updated asset objects reloaded before import = 0Number of asset objects unloaded after import = 16

========================================================================
Received Import Request.
  Time since last request: 0.000021 seconds.
  path: Assets/UI pack/Prefabs/Sliders/Green slider.prefab
  artifactKey: Guid(09bcacd45e09c4a4a9368232ae4485f1) Importer(2089858483,192608db42251d675da83286b1cce702)
Start importing Assets/UI pack/Prefabs/Sliders/Green slider.prefab using Guid(09bcacd45e09c4a4a9368232ae4485f1) Importer(2089858483,192608db42251d675da83286b1cce702) (ScriptedImporter) -> (artifact id: '75fa5601aeec877d7976f6a66c0720d8') in 0.0129023 seconds
Number of updated asset objects reloaded before import = 0Number of asset objects unloaded after import = 23

========================================================================
Received Import Request.
  Time since last request: 0.000030 seconds.
  path: Assets/UI pack/Prefabs/Bars/Red circular bar.prefab
  artifactKey: Guid(50b45ee32b55a7845a24f4d5c8194db1) Importer(2089858483,192608db42251d675da83286b1cce702)
Start importing Assets/UI pack/Prefabs/Bars/Red circular bar.prefab using Guid(50b45ee32b55a7845a24f4d5c8194db1) Importer(2089858483,192608db42251d675da83286b1cce702) (ScriptedImporter) -> (artifact id: '5fb0ff5045c89ea5cba2ae34422c566e') in 0.0125289 seconds
Number of updated asset objects reloaded before import = 0Number of asset objects unloaded after import = 11

========================================================================
Received Import Request.
  Time since last request: 0.000017 seconds.
  path: Assets/UI pack/Prefabs/Buttons/Button Green Outline.prefab
  artifactKey: Guid(676614c30efe6fc4b82edb9eddfa3ad6) Importer(2089858483,192608db42251d675da83286b1cce702)
Start importing Assets/UI pack/Prefabs/Buttons/Button Green Outline.prefab using Guid(676614c30efe6fc4b82edb9eddfa3ad6) Importer(2089858483,192608db42251d675da83286b1cce702) (ScriptedImporter) -> (artifact id: '67841a18bfb32428f7a8538c545dfba0') in 0.0203197 seconds
Number of updated asset objects reloaded before import = 0Number of asset objects unloaded after import = 19

Editor requested this worker to shutdown with reason: Scaling down because of idle timeout
AssetImportWorker is now disconnected from the server
Process exiting
Exiting without the bug reporter. Application will terminate with return code 0